Archive member included to satisfy reference by file (symbol)

C:/Users/User/AppData/Roaming/xPacks/@xpack-dev-tools/arm-none-eabi-gcc/13.2.1-1.1.1/.content/bin/../lib/gcc/arm-none-eabi/13.2.1/thumb/v7e-m+fp/softfp\libgcc.a(_arm_muldf3.o)
                              ./src/main.o (__aeabi_dmul)
C:/Users/User/AppData/Roaming/xPacks/@xpack-dev-tools/arm-none-eabi-gcc/13.2.1-1.1.1/.content/bin/../lib/gcc/arm-none-eabi/13.2.1/thumb/v7e-m+fp/softfp\libgcc.a(_arm_addsubdf3.o)
                              ./src/main.o (__aeabi_dadd)
C:/Users/User/AppData/Roaming/xPacks/@xpack-dev-tools/arm-none-eabi-gcc/13.2.1-1.1.1/.content/bin/../lib/gcc/arm-none-eabi/13.2.1/thumb/v7e-m+fp/softfp\libgcc.a(_arm_fixdfsi.o)
                              ./src/main.o (__aeabi_d2iz)
C:/Users/User/AppData/Roaming/xPacks/@xpack-dev-tools/arm-none-eabi-gcc/13.2.1-1.1.1/.content/bin/../lib/gcc/arm-none-eabi/13.2.1/thumb/v7e-m+fp/softfp\libgcc.a(_aeabi_uldivmod.o)
                              ./system/src/stm32f4-hal/stm32f4xx_hal_rcc.o (__aeabi_uldivmod)
C:/Users/User/AppData/Roaming/xPacks/@xpack-dev-tools/arm-none-eabi-gcc/13.2.1-1.1.1/.content/bin/../lib/gcc/arm-none-eabi/13.2.1/thumb/v7e-m+fp/softfp\libgcc.a(_udivmoddi4.o)
                              C:/Users/User/AppData/Roaming/xPacks/@xpack-dev-tools/arm-none-eabi-gcc/13.2.1-1.1.1/.content/bin/../lib/gcc/arm-none-eabi/13.2.1/thumb/v7e-m+fp/softfp\libgcc.a(_aeabi_uldivmod.o) (__udivmoddi4)
C:/Users/User/AppData/Roaming/xPacks/@xpack-dev-tools/arm-none-eabi-gcc/13.2.1-1.1.1/.content/bin/../lib/gcc/arm-none-eabi/13.2.1/thumb/v7e-m+fp/softfp\libgcc.a(_dvmd_tls.o)
                              C:/Users/User/AppData/Roaming/xPacks/@xpack-dev-tools/arm-none-eabi-gcc/13.2.1-1.1.1/.content/bin/../lib/gcc/arm-none-eabi/13.2.1/thumb/v7e-m+fp/softfp\libgcc.a(_aeabi_uldivmod.o) (__aeabi_ldiv0)
C:/Users/User/AppData/Roaming/xPacks/@xpack-dev-tools/arm-none-eabi-gcc/13.2.1-1.1.1/.content/bin/../lib/gcc/arm-none-eabi/13.2.1/../../../../arm-none-eabi/lib/thumb/v7e-m+fp/softfp\libg_nano.a(libc_a-exit.o)
                              ./src/main.o (exit)
C:/Users/User/AppData/Roaming/xPacks/@xpack-dev-tools/arm-none-eabi-gcc/13.2.1-1.1.1/.content/bin/../lib/gcc/arm-none-eabi/13.2.1/../../../../arm-none-eabi/lib/thumb/v7e-m+fp/softfp\libg_nano.a(libc_a-rand.o)
                              ./src/main.o (srand)
C:/Users/User/AppData/Roaming/xPacks/@xpack-dev-tools/arm-none-eabi-gcc/13.2.1-1.1.1/.content/bin/../lib/gcc/arm-none-eabi/13.2.1/../../../../arm-none-eabi/lib/thumb/v7e-m+fp/softfp\libg_nano.a(libc_a-ctype_.o)
                              ./system/src/newlib/syscalls.o (_ctype_)
C:/Users/User/AppData/Roaming/xPacks/@xpack-dev-tools/arm-none-eabi-gcc/13.2.1-1.1.1/.content/bin/../lib/gcc/arm-none-eabi/13.2.1/../../../../arm-none-eabi/lib/thumb/v7e-m+fp/softfp\libg_nano.a(libc_a-fclose.o)
                              ./src/main.o (fclose)
C:/Users/User/AppData/Roaming/xPacks/@xpack-dev-tools/arm-none-eabi-gcc/13.2.1-1.1.1/.content/bin/../lib/gcc/arm-none-eabi/13.2.1/../../../../arm-none-eabi/lib/thumb/v7e-m+fp/softfp\libg_nano.a(libc_a-fflush.o)
                              C:/Users/User/AppData/Roaming/xPacks/@xpack-dev-tools/arm-none-eabi-gcc/13.2.1-1.1.1/.content/bin/../lib/gcc/arm-none-eabi/13.2.1/../../../../arm-none-eabi/lib/thumb/v7e-m+fp/softfp\libg_nano.a(libc_a-fclose.o) (__sflush_r)
C:/Users/User/AppData/Roaming/xPacks/@xpack-dev-tools/arm-none-eabi-gcc/13.2.1-1.1.1/.content/bin/../lib/gcc/arm-none-eabi/13.2.1/../../../../arm-none-eabi/lib/thumb/v7e-m+fp/softfp\libg_nano.a(libc_a-findfp.o)
                              C:/Users/User/AppData/Roaming/xPacks/@xpack-dev-tools/arm-none-eabi-gcc/13.2.1-1.1.1/.content/bin/../lib/gcc/arm-none-eabi/13.2.1/../../../../arm-none-eabi/lib/thumb/v7e-m+fp/softfp\libg_nano.a(libc_a-fflush.o) (__sglue)
C:/Users/User/AppData/Roaming/xPacks/@xpack-dev-tools/arm-none-eabi-gcc/13.2.1-1.1.1/.content/bin/../lib/gcc/arm-none-eabi/13.2.1/../../../../arm-none-eabi/lib/thumb/v7e-m+fp/softfp\libg_nano.a(libc_a-fopen.o)
                              ./src/main.o (fopen)
C:/Users/User/AppData/Roaming/xPacks/@xpack-dev-tools/arm-none-eabi-gcc/13.2.1-1.1.1/.content/bin/../lib/gcc/arm-none-eabi/13.2.1/../../../../arm-none-eabi/lib/thumb/v7e-m+fp/softfp\libg_nano.a(libc_a-fprintf.o)
                              ./src/main.o (fprintf)
C:/Users/User/AppData/Roaming/xPacks/@xpack-dev-tools/arm-none-eabi-gcc/13.2.1-1.1.1/.content/bin/../lib/gcc/arm-none-eabi/13.2.1/../../../../arm-none-eabi/lib/thumb/v7e-m+fp/softfp\libg_nano.a(libc_a-fseek.o)
                              C:/Users/User/AppData/Roaming/xPacks/@xpack-dev-tools/arm-none-eabi-gcc/13.2.1-1.1.1/.content/bin/../lib/gcc/arm-none-eabi/13.2.1/../../../../arm-none-eabi/lib/thumb/v7e-m+fp/softfp\libg_nano.a(libc_a-fopen.o) (_fseek_r)
[...]
Memory Configuration

Name             Origin             Length             Attributes
RAM              0x20000000         0x00020000         xrw
CCMRAM           0x10000000         0x00010000         xrw
FLASH            0x08000000         0x00100000         xr
FLASHB1          0x00000000         0x00000000         xr
EXTMEMB0         0x00000000         0x00000000         xr
EXTMEMB1         0x00000000         0x00000000         xr
EXTMEMB2         0x00000000         0x00000000         xr
EXTMEMB3         0x00000000         0x00000000         xr
MEMORY_ARRAY     0x20002000         0x00000020         xrw
*default*        0x00000000         0xffffffff

Linker script and memory map

LOAD ./system/src/stm32f4-hal/stm32f4xx_hal.o
LOAD ./system/src/stm32f4-hal/stm32f4xx_hal_cortex.o
LOAD ./system/src/stm32f4-hal/stm32f4xx_hal_flash.o
LOAD ./system/src/stm32f4-hal/stm32f4xx_hal_flash_ex.o
LOAD ./system/src/stm32f4-hal/stm32f4xx_hal_flash_ramfunc.o
LOAD ./system/src/stm32f4-hal/stm32f4xx_hal_gpio.o
LOAD ./system/src/stm32f4-hal/stm32f4xx_hal_iwdg.o
LOAD ./system/src/stm32f4-hal/stm32f4xx_hal_pwr.o
LOAD ./system/src/stm32f4-hal/stm32f4xx_hal_rcc.o
LOAD ./system/src/newlib/assert.o
LOAD ./system/src/newlib/cxx.o
LOAD ./system/src/newlib/exit.o
LOAD ./system/src/newlib/sbrk.o
LOAD ./system/src/newlib/startup.o
LOAD ./system/src/newlib/syscalls.o
LOAD ./system/src/diag/trace-impl.o
LOAD ./system/src/diag/trace.o
LOAD ./system/src/cortexm/exception-handlers.o
LOAD ./system/src/cortexm/initialize-hardware.o
LOAD ./system/src/cortexm/reset-hardware.o
LOAD ./system/src/cmsis/system_stm32f4xx.o
LOAD ./system/src/cmsis/vectors_stm32f407xx.o
LOAD ./src/initialize-hardware.o
LOAD ./src/led.o
LOAD ./src/main.o
LOAD ./src/stm32f4xx_hal_msp.o
LOAD ./src/write.o
LOAD ./FreeRTOS Source/portable/MemMang/heap_4.o
LOAD ./FreeRTOS Source/portable/GCC/ARM_CM4F/port.o
LOAD ./FreeRTOS Source/croutine.o
LOAD ./FreeRTOS Source/event_groups.o
LOAD ./FreeRTOS Source/list.o
LOAD ./FreeRTOS Source/queue.o
LOAD ./FreeRTOS Source/tasks.o
LOAD ./FreeRTOS Source/timers.o
LOAD C:/Users/User/AppData/Roaming/xPacks/@xpack-dev-tools/arm-none-eabi-gcc/13.2.1-1.1.1/.content/bin/../lib/gcc/arm-none-eabi/13.2.1/../../../../arm-none-eabi/lib/thumb/v7e-m+fp/softfp\libstdc++_nano.a
LOAD C:/Users/User/AppData/Roaming/xPacks/@xpack-dev-tools/arm-none-eabi-gcc/13.2.1-1.1.1/.content/bin/../lib/gcc/arm-none-eabi/13.2.1/../../../../arm-none-eabi/lib/thumb/v7e-m+fp/softfp\libm.a
START GROUP
LOAD C:/Users/User/AppData/Roaming/xPacks/@xpack-dev-tools/arm-none-eabi-gcc/13.2.1-1.1.1/.content/bin/../lib/gcc/arm-none-eabi/13.2.1/thumb/v7e-m+fp/softfp\libgcc.a
LOAD C:/Users/User/AppData/Roaming/xPacks/@xpack-dev-tools/arm-none-eabi-gcc/13.2.1-1.1.1/.content/bin/../lib/gcc/arm-none-eabi/13.2.1/../../../../arm-none-eabi/lib/thumb/v7e-m+fp/softfp\libg_nano.a
LOAD C:/Users/User/AppData/Roaming/xPacks/@xpack-dev-tools/arm-none-eabi-gcc/13.2.1-1.1.1/.content/bin/../lib/gcc/arm-none-eabi/13.2.1/../../../../arm-none-eabi/lib/thumb/v7e-m+fp/softfp\libc_nano.a
END GROUP
START GROUP
LOAD C:/Users/User/AppData/Roaming/xPacks/@xpack-dev-tools/arm-none-eabi-gcc/13.2.1-1.1.1/.content/bin/../lib/gcc/arm-none-eabi/13.2.1/thumb/v7e-m+fp/softfp\libgcc.a
LOAD C:/Users/User/AppData/Roaming/xPacks/@xpack-dev-tools/arm-none-eabi-gcc/13.2.1-1.1.1/.content/bin/../lib/gcc/arm-none-eabi/13.2.1/../../../../arm-none-eabi/lib/thumb/v7e-m+fp/softfp\libc_nano.a
END GROUP
                0x20020000                        __stack = (ORIGIN (RAM) + LENGTH (RAM))
                0x20020000                        _estack = __stack
                0x00000400                        __Main_Stack_Size = 0x400
                [!provide]                        PROVIDE (_Main_Stack_Size = __Main_Stack_Size)
                0x2001fc00                        __Main_Stack_Limit = (__stack - __Main_Stack_Size)
                [!provide]                        PROVIDE (_Main_Stack_Limit = __Main_Stack_Limit)
                0x00000100                        _Minimum_Stack_Size = 0x100
                0x20013184                        PROVIDE (_Heap_Begin = _end_noinit)
                0x2001fc00                        PROVIDE (_Heap_Limit = (__stack - __Main_Stack_Size))

.isr_vector     0x08000000      0x3e8
 FILL mask 0xff
                0x08000000                        __vectors_start = ABSOLUTE (.)
                0x08000000                        __vectors_start__ = ABSOLUTE (.)
 *(.isr_vector)
 .isr_vector    0x08000000      0x188 ./system/src/cmsis/vectors_stm32f407xx.o
                0x08000000                __isr_vectors
 *(.cfmconfig)
 *(.after_vectors .after_vectors.*)
 .after_vectors
                0x08000188      0x130 ./system/src/newlib/startup.o
                0x08000188                _start
 .after_vectors
                0x080002b8      0x12c ./system/src/cortexm/exception-handlers.o
                0x080002b8                Reset_Handler
                0x080002be                NMI_Handler
                0x080002c2                HardFault_Handler
                0x080002d6                HardFault_Handler_C
                0x08000334                MemManage_Handler
                0x08000338                BusFault_Handler
                0x0800034c                BusFault_Handler_C
                0x08000380                UsageFault_Handler
                0x08000394                UsageFault_Handler_C
                0x080003cc                DebugMon_Handler
 .after_vectors
                0x080003e4        0x4 ./system/src/cmsis/vectors_stm32f407xx.o
                0x080003e4                RTC_Alarm_IRQHandler
                0x080003e4                HASH_RNG_IRQHandler
                0x080003e4                EXTI2_IRQHandler
                0x080003e4                TIM8_CC_IRQHandler
                0x080003e4                TIM1_CC_IRQHandler
                0x080003e4                DMA2_Stream5_IRQHandler
                0x080003e4                DMA1_Stream5_IRQHandler
                0x080003e4                PVD_IRQHandler
                0x080003e4                SDIO_IRQHandler
                0x080003e4                TAMP_STAMP_IRQHandler
                0x080003e4                CAN2_RX1_IRQHandler
                0x080003e4                EXTI3_IRQHandler
                0x080003e4                TIM8_TRG_COM_TIM14_IRQHandler
                0x080003e4                TIM1_UP_TIM10_IRQHandler
                0x080003e4                TIM8_UP_TIM13_IRQHandler
                0x080003e4                I2C3_ER_IRQHandler
                0x080003e4                EXTI0_IRQHandler
                0x080003e4                I2C2_EV_IRQHandler
                0x080003e4                DMA1_Stream2_IRQHandler
                0x080003e4                CAN1_RX0_IRQHandler
                0x080003e4                FPU_IRQHandler
                0x080003e4                OTG_HS_WKUP_IRQHandler
                0x080003e4                CAN2_SCE_IRQHandler
                0x080003e4                DMA2_Stream2_IRQHandler
                0x080003e4                SPI1_IRQHandler
                0x080003e4                TIM6_DAC_IRQHandler
                0x080003e4                TIM1_BRK_TIM9_IRQHandler
                0x080003e4                DCMI_IRQHandler
                0x080003e4                CAN2_RX0_IRQHandler
                0x080003e4                DMA2_Stream3_IRQHandler
                0x080003e4                USART6_IRQHandler
                0x080003e4                USART3_IRQHandler
                0x080003e4                CAN1_RX1_IRQHandler
                0x080003e4                UART5_IRQHandler
                0x080003e4                DMA2_Stream0_IRQHandler
                0x080003e4                TIM4_IRQHandler
                0x080003e4                I2C1_EV_IRQHandler
                0x080003e4                DMA1_Stream6_IRQHandler
                0x080003e4                DMA1_Stream1_IRQHandler
                0x080003e4                UART4_IRQHandler
                0x080003e4                TIM3_IRQHandler
                0x080003e4                RCC_IRQHandler
                0x080003e4                TIM8_BRK_TIM12_IRQHandler
                0x080003e4                Default_Handler
                0x080003e4                EXTI15_10_IRQHandler
                0x080003e4                ADC_IRQHandler
                0x080003e4                DMA1_Stream7_IRQHandler
                0x080003e4                TIM7_IRQHandler
                0x080003e4                CAN2_TX_IRQHandler
                0x080003e4                TIM5_IRQHandler
                0x080003e4                DMA2_Stream7_IRQHandler
                0x080003e4                I2C3_EV_IRQHandler
                0x080003e4                EXTI9_5_IRQHandler
                0x080003e4                RTC_WKUP_IRQHandler
                0x080003e4                ETH_WKUP_IRQHandler
                0x080003e4                SPI2_IRQHandler
                0x080003e4                OTG_HS_EP1_IN_IRQHandler
                0x080003e4                DMA1_Stream0_IRQHandler
                0x080003e4                CAN1_TX_IRQHandler
                0x080003e4                EXTI4_IRQHandler
                0x080003e4                ETH_IRQHandler
                0x080003e4                OTG_HS_EP1_OUT_IRQHandler
                0x080003e4                WWDG_IRQHandler
                0x080003e4                TIM2_IRQHandler
                0x080003e4                OTG_FS_WKUP_IRQHandler
                0x080003e4                TIM1_TRG_COM_TIM11_IRQHandler
                0x080003e4                OTG_HS_IRQHandler
                0x080003e4                EXTI1_IRQHandler
                0x080003e4                USART2_IRQHandler
                0x080003e4                I2C2_ER_IRQHandler
                0x080003e4                DMA2_Stream1_IRQHandler
                0x080003e4                CAN1_SCE_IRQHandler
                0x080003e4                FLASH_IRQHandler
                0x080003e4                DMA2_Stream4_IRQHandler
                0x080003e4                USART1_IRQHandler
                0x080003e4                OTG_FS_IRQHandler
                0x080003e4                SPI3_IRQHandler
                0x080003e4                DMA1_Stream4_IRQHandler
                0x080003e4                I2C1_ER_IRQHandler
                0x080003e4                FMC_IRQHandler
                0x080003e4                DMA2_Stream6_IRQHandler
                0x080003e4                DMA1_Stream3_IRQHandler

.inits          0x080003e8       0x28
                0x080003e8                        __data_regions_array_start = .
                0x080003e8        0x4 LONG 0x80066e4 LOADADDR (.data)
                0x080003ec        0x4 LONG 0x20000000 ADDR (.data)
                0x080003f0        0x4 LONG 0x20000074 (ADDR (.data) + SIZEOF (.data))
                0x080003f4        0x4 LONG 0x80066e4 LOADADDR (.data_CCMRAM)
                0x080003f8        0x4 LONG 0x10000000 ADDR (.data_CCMRAM)
                0x080003fc        0x4 LONG 0x10000000 (ADDR (.data_CCMRAM) + SIZEOF (.data_CCMRAM))
                0x08000400                        __data_regions_array_end = .
                0x08000400                        __bss_regions_array_start = .
                0x08000400        0x4 LONG 0x20000074 ADDR (.bss)
                0x08000404        0x4 LONG 0x20013184 (ADDR (.bss) + SIZEOF (.bss))
                0x08000408        0x4 LONG 0x10000000 ADDR (.bss_CCMRAM)
                0x0800040c        0x4 LONG 0x10000000 (ADDR (.bss_CCMRAM) + SIZEOF (.bss_CCMRAM))
                0x08000410                        __bss_regions_array_end = .
 *(.init)
 *(.fini)
                0x08000410                        . = ALIGN (0x4)
                0x08000410                        PROVIDE (__preinit_array_start = .)
 *(.preinit_array_sysinit .preinit_array_sysinit.*)
 *(.preinit_array_platform .preinit_array_platform.*)
 *(.preinit_array .preinit_array.*)
                0x08000410                        PROVIDE (__preinit_array_end = .)
                0x08000410                        . = ALIGN (0x4)
                0x08000410                        PROVIDE (__init_array_start = .)
 *(SORT_BY_NAME(.init_array.*))
 *(.init_array)
                0x08000410                        PROVIDE (__init_array_end = .)
                0x08000410                        . = ALIGN (0x4)
                0x08000410                        PROVIDE (__fini_array_start = .)
 *(SORT_BY_NAME(.fini_array.*))
 *(.fini_array)
                0x08000410                        PROVIDE (__fini_array_end = .)

.flashtext
 *(.flashtext .flashtext.*)

.text           0x08000410     0x62cc
 *(.text .text.*)
 .text.HAL_InitTick
                0x08000410       0x4c ./system/src/stm32f4-hal/stm32f4xx_hal.o
                0x08000410                HAL_InitTick
 .text.HAL_Init
                0x0800045c       0x34 ./system/src/stm32f4-hal/stm32f4xx_hal.o
                0x0800045c                HAL_Init
 .text.HAL_GetTick
                0x08000490        0xc ./system/src/stm32f4-hal/stm32f4xx_hal.o
                0x08000490                HAL_GetTick
 .text.__NVIC_SetPriority
                0x0800049c       0x28 ./system/src/stm32f4-hal/stm32f4xx_hal_cortex.o
 .text.NVIC_EncodePriority
                0x080004c4       0x3e ./system/src/stm32f4-hal/stm32f4xx_hal_cortex.o
 *fill*         0x08000502        0x2 
 .text.HAL_NVIC_SetPriorityGrouping
                0x08000504       0x3c ./system/src/stm32f4-hal/stm32f4xx_hal_cortex.o
                0x08000504                HAL_NVIC_SetPriorityGrouping
 .text.HAL_NVIC_SetPriority
                0x08000540       0x48 ./system/src/stm32f4-hal/stm32f4xx_hal_cortex.o
                0x08000540                HAL_NVIC_SetPriority
 .text.HAL_SYSTICK_Config
                0x08000588       0x28 ./system/src/stm32f4-hal/stm32f4xx_hal_cortex.o
                0x08000588                HAL_SYSTICK_Config
 .text.HAL_SYSTICK_CLKSourceConfig
                0x080005b0       0x34 ./system/src/stm32f4-hal/stm32f4xx_hal_cortex.o
                0x080005b0                HAL_SYSTICK_CLKSourceConfig
 .text.HAL_RCC_OscConfig
                0x080005e4      0x4f0 ./system/src/stm32f4-hal/stm32f4xx_hal_rcc.o
                0x080005e4                HAL_RCC_OscConfig
 .text.HAL_RCC_GetSysClockFreq
                0x08000ad4       0xdc ./system/src/stm32f4-hal/stm32f4xx_hal_rcc.o
                0x08000ad4                HAL_RCC_GetSysClockFreq
 .text.HAL_RCC_ClockConfig
                0x08000bb0      0x224 ./system/src/stm32f4-hal/stm32f4xx_hal_rcc.o
                0x08000bb0                HAL_RCC_ClockConfig
 .text.HAL_RCC_GetHCLKFreq
                0x08000dd4        0xc ./system/src/stm32f4-hal/stm32f4xx_hal_rcc.o
                0x08000dd4                HAL_RCC_GetHCLKFreq
 .text.__assert_func
                0x08000de0       0x34 ./system/src/newlib/assert.o
                0x08000de0                __assert_func
 .text.abort    0x08000e14       0x14 ./system/src/newlib/exit.o
                0x08000e14                abort
 .text._sbrk    0x08000e28       0x44 ./system/src/newlib/sbrk.o
                0x08000e28                _sbrk
 .text.newslot  0x08000e6c       0x28 ./system/src/newlib/syscalls.o
 .text.get_errno
                0x08000e94       0x12 ./system/src/newlib/syscalls.o
 .text.error    0x08000ea6       0x14 ./system/src/newlib/syscalls.o
 .text.checkerror
                0x08000eba       0x10 ./system/src/newlib/syscalls.o
 *fill*         0x08000eca        0x2 
 .text.findslot
                0x08000ecc       0x3c ./system/src/newlib/syscalls.o
 .text._exit    0x08000f08       0x20 ./system/src/newlib/syscalls.o
                0x08000f08                _exit
 .text.initialise_monitor_handles
                0x08000f28       0xa8 ./system/src/newlib/syscalls.o
                0x08000f28                initialise_monitor_handles
 .text.__initialize_args
                0x08000fd0       0xc0 ./system/src/newlib/syscalls.o
                0x08000fd0                __initialize_args
 .text._swiread
                0x08001090       0x20 ./system/src/newlib/syscalls.o
                0x08001090                _swiread
 .text._read    0x080010b0       0x36 ./system/src/newlib/syscalls.o
                0x080010b0                _read
 .text._swilseek
                0x080010e6       0x96 ./system/src/newlib/syscalls.o
                0x080010e6                _swilseek
 .text._lseek   0x0800117c        0x8 ./system/src/newlib/syscalls.o
                0x0800117c                _lseek
 .text._swiwrite
                0x08001184       0x20 ./system/src/newlib/syscalls.o
                0x08001184                _swiwrite
 .text._write   0x080011a4       0x46 ./system/src/newlib/syscalls.o
                0x080011a4                _write
 .text._swiclose
                0x080011ea       0x1c ./system/src/newlib/syscalls.o
                0x080011ea                _swiclose
 *fill*         0x08001206        0x2 
 .text._close   0x08001208       0x48 ./system/src/newlib/syscalls.o
                0x08001208                _close
 .text._swistat
                0x08001250       0x44 ./system/src/newlib/syscalls.o
                0x08001250                _swistat
 .text._fstat   0x08001294       0x1a ./system/src/newlib/syscalls.o
                0x08001294                _fstat
 .text._stat    0x080012ae       0x3e ./system/src/newlib/syscalls.o
                0x080012ae                _stat
 .text._swiopen
                0x080012ec       0xb0 ./system/src/newlib/syscalls.o
                0x080012ec                _swiopen
 .text._open    0x0800139c       0x12 ./system/src/newlib/syscalls.o
                0x0800139c                _open
 .text._gettimeofday
                0x080013ae       0x28 ./system/src/newlib/syscalls.o
                0x080013ae                _gettimeofday
 .text._isatty  0x080013d6       0x36 ./system/src/newlib/syscalls.o
                0x080013d6                _isatty
 .text._trace_write_semihosting_debug
                0x0800140c       0x62 ./system/src/diag/trace-impl.o
 .text.trace_write
                0x0800146e        0x8 ./system/src/diag/trace-impl.o
                0x0800146e                trace_write
 *fill*         0x08001476        0x2 
 .text.trace_printf
                0x08001478       0x34 ./system/src/diag/trace.o
                0x08001478                trace_printf
 .text.trace_puts
                0x080014ac       0x20 ./system/src/diag/trace.o
                0x080014ac                trace_puts
 .text.__NVIC_SystemReset
                0x080014cc       0x24 ./system/src/cortexm/exception-handlers.o
 .text.dumpExceptionStack
                0x080014f0       0xf4 ./system/src/cortexm/exception-handlers.o
                0x080014f0                dumpExceptionStack
 .text.isSemihosting
                0x080015e4       0xe0 ./system/src/cortexm/exception-handlers.o
                0x080015e4                isSemihosting
 .text.__initialize_hardware_early
                0x080016c4       0x18 ./system/src/cortexm/initialize-hardware.o
                0x080016c4                __initialize_hardware_early
 .text.SystemInit
                0x080016dc       0x10 ./system/src/cmsis/system_stm32f4xx.o
                0x080016dc                SystemInit
 .text.SystemCoreClockUpdate
                0x080016ec       0xa0 ./system/src/cmsis/system_stm32f4xx.o
                0x080016ec                SystemCoreClockUpdate
 .text.SystemClock_Config
                0x0800178c       0xa0 ./src/initialize-hardware.o
                0x0800178c                SystemClock_Config
 .text.__initialize_hardware
                0x0800182c       0x10 ./src/initialize-hardware.o
                0x0800182c                __initialize_hardware
 .text.assert_failed
                0x0800183c       0x14 ./src/initialize-hardware.o
                0x0800183c                assert_failed
 .text.arraytotal
                0x08001850       0x16 ./src/main.o
 *fill*         0x08001866        0x2 
 .text.statistics
                0x08001868       0xc8 ./src/main.o
 .text.prvAutoReloadTimerCallback
                0x08001930       0x34 ./src/main.o
 .text.writeCVS
                0x08001964       0xd8 ./src/main.o
 .text.reset    0x08001a3c       0x58 ./src/main.o
 .text.endProgram
                0x08001a94       0x58 ./src/main.o
 .text.ReceiverTask
                0x08001aec       0xb4 ./src/main.o
 .text.createCVS
                0x08001ba0       0x90 ./src/main.o
 .text.uniform_distribution
                0x08001c30       0x44 ./src/main.o
 .text.SenderTask
                0x08001c74      0x124 ./src/main.o
 .text.main     0x08001d98      0x264 ./src/main.o
                0x08001d98                main
 .text.vApplicationMallocFailedHook
                0x08001ffc        0x2 ./src/main.o
                0x08001ffc                vApplicationMallocFailedHook
 .text.vApplicationStackOverflowHook
                0x08001ffe        0x2 ./src/main.o
                0x08001ffe                vApplicationStackOverflowHook
 .text.vApplicationIdleHook
                0x08002000       0x12 ./src/main.o
                0x08002000                vApplicationIdleHook
 .text.vApplicationTickHook
                0x08002012        0x2 ./src/main.o
                0x08002012                vApplicationTickHook
 .text.HAL_MspInit
                0x08002014        0x2 ./src/stm32f4xx_hal_msp.o
                0x08002014                HAL_MspInit
 *fill*         0x08002016        0x2 
 .text.prvHeapInit
                0x08002018       0x64 ./FreeRTOS Source/portable/MemMang/heap_4.o
 .text.prvInsertBlockIntoFreeList
                0x0800207c       0x64 ./FreeRTOS Source/portable/MemMang/heap_4.o
 .text.pvPortMalloc
                0x080020e0      0x10c ./FreeRTOS Source/portable/MemMang/heap_4.o
                0x080020e0                pvPortMalloc
 .text.vPortFree
                0x080021ec       0x70 ./FreeRTOS Source/portable/MemMang/heap_4.o
                0x080021ec                vPortFree
 .text.xPortGetFreeHeapSize
                0x0800225c        0xc ./FreeRTOS Source/portable/MemMang/heap_4.o
                0x0800225c                xPortGetFreeHeapSize
 .text.prvTaskExitError
                0x08002268       0x34 ./FreeRTOS Source/portable/GCC/ARM_CM4F/port.o
 .text.prvPortStartFirstTask
                0x0800229c       0x20 ./FreeRTOS Source/portable/GCC/ARM_CM4F/port.o
 .text.pxPortInitialiseStack
                0x080022bc       0x2c ./FreeRTOS Source/portable/GCC/ARM_CM4F/port.o
                0x080022bc                pxPortInitialiseStack
 *fill*         0x080022e8        0x8 
 .text.SVC_Handler
                0x080022f0       0x24 ./FreeRTOS Source/portable/GCC/ARM_CM4F/port.o
                0x080022f0                SVC_Handler
 .text.vPortEnterCritical
                0x08002314       0x44 ./FreeRTOS Source/portable/GCC/ARM_CM4F/port.o
                0x08002314                vPortEnterCritical
 .text.vPortExitCritical
                0x08002358       0x2c ./FreeRTOS Source/portable/GCC/ARM_CM4F/port.o
                0x08002358                vPortExitCritical
 *fill*         0x08002384        0xc 
 .text.PendSV_Handler
                0x08002390       0x64 ./FreeRTOS Source/portable/GCC/ARM_CM4F/port.o
                0x08002390                PendSV_Handler
 .text.SysTick_Handler
                0x080023f4       0x2c ./FreeRTOS Source/portable/GCC/ARM_CM4F/port.o
                0x080023f4                SysTick_Handler
 .text.vPortSetupTimerInterrupt
                0x08002420       0x24 ./FreeRTOS Source/portable/GCC/ARM_CM4F/port.o
                0x08002420                vPortSetupTimerInterrupt
 .text.xPortStartScheduler
                0x08002444       0xf4 ./FreeRTOS Source/portable/GCC/ARM_CM4F/port.o
                0x08002444                xPortStartScheduler
 .text.vPortValidateInterruptPriority
                0x08002538       0x5c ./FreeRTOS Source/portable/GCC/ARM_CM4F/port.o
                0x08002538                vPortValidateInterruptPriority
 .text.vListInitialise
                0x08002594       0x16 ./FreeRTOS Source/list.o
                0x08002594                vListInitialise
 .text.vListInitialiseItem
                0x080025aa        0x6 ./FreeRTOS Source/list.o
                0x080025aa                vListInitialiseItem
 .text.vListInsertEnd
                0x080025b0       0x16 ./FreeRTOS Source/list.o
                0x080025b0                vListInsertEnd
 .text.vListInsert
                0x080025c6       0x32 ./FreeRTOS Source/list.o
                0x080025c6                vListInsert
 .text.uxListRemove
                0x080025f8       0x24 ./FreeRTOS Source/list.o
                0x080025f8                uxListRemove
 .text.prvIsQueueFull
                0x0800261c       0x1e ./FreeRTOS Source/queue.o
 .text.prvIsQueueEmpty
                0x0800263a       0x1a ./FreeRTOS Source/queue.o
 .text.prvCopyDataToQueue
                0x08002654       0x76 ./FreeRTOS Source/queue.o
 .text.prvCopyDataFromQueue
                0x080026ca       0x24 ./FreeRTOS Source/queue.o
 .text.prvUnlockQueue
                0x080026ee       0x6e ./FreeRTOS Source/queue.o
 .text.xQueueGenericReset
                0x0800275c       0x84 ./FreeRTOS Source/queue.o
                0x0800275c                xQueueGenericReset
 .text.prvInitialiseNewQueue
                0x080027e0       0x22 ./FreeRTOS Source/queue.o
 .text.xQueueGenericCreate
                0x08002802       0x48 ./FreeRTOS Source/queue.o
                0x08002802                xQueueGenericCreate
 .text.xQueueGenericSend
                0x0800284a      0x188 ./FreeRTOS Source/queue.o
                0x0800284a                xQueueGenericSend
 .text.xQueueGenericSendFromISR
                0x080029d2       0xcc ./FreeRTOS Source/queue.o
                0x080029d2                xQueueGenericSendFromISR
 .text.xQueueGenericReceive
                0x08002a9e      0x1ba ./FreeRTOS Source/queue.o
                0x08002a9e                xQueueGenericReceive
 .text.vQueueAddToRegistry
                0x08002c58       0x28 ./FreeRTOS Source/queue.o
                0x08002c58                vQueueAddToRegistry
 .text.vQueueWaitForMessageRestricted
                0x08002c80       0x52 ./FreeRTOS Source/queue.o
                0x08002c80                vQueueWaitForMessageRestricted
 *fill*         0x08002cd2        0x2 
 .text.prvResetNextTaskUnblockTime
                0x08002cd4       0x2c ./FreeRTOS Source/tasks.o
 .text.prvDeleteTCB
                0x08002d00       0x12 ./FreeRTOS Source/tasks.o
 .text.prvInitialiseNewTask
                0x08002d12       0x98 ./FreeRTOS Source/tasks.o
 *fill*         0x08002daa        0x2 
 .text.prvInitialiseTaskLists
                0x08002dac       0x68 ./FreeRTOS Source/tasks.o
 .text.prvAddNewTaskToReadyList
                0x08002e14       0xac ./FreeRTOS Source/tasks.o
 .text.prvAddCurrentTaskToDelayedList
                0x08002ec0       0x98 ./FreeRTOS Source/tasks.o
 .text.xTaskCreate
                0x08002f58       0x60 ./FreeRTOS Source/tasks.o
                0x08002f58                xTaskCreate
 .text.vTaskStartScheduler
                0x08002fb8       0x84 ./FreeRTOS Source/tasks.o
                0x08002fb8                vTaskStartScheduler
 .text.vTaskSuspendAll
                0x0800303c       0x10 ./FreeRTOS Source/tasks.o
                0x0800303c                vTaskSuspendAll
 .text.xTaskGetTickCount
                0x0800304c        0xc ./FreeRTOS Source/tasks.o
                0x0800304c                xTaskGetTickCount
 .text.xTaskIncrementTick
                0x08003058      0x128 ./FreeRTOS Source/tasks.o
                0x08003058                xTaskIncrementTick
 .text.xTaskResumeAll
                0x08003180       0xf8 ./FreeRTOS Source/tasks.o
                0x08003180                xTaskResumeAll
 .text.prvCheckTasksWaitingTermination
                0x08003278       0x5c ./FreeRTOS Source/tasks.o
 .text.prvIdleTask
                0x080032d4       0x30 ./FreeRTOS Source/tasks.o
 .text.vTaskSwitchContext
                0x08003304       0xcc ./FreeRTOS Source/tasks.o
                0x08003304                vTaskSwitchContext
 .text.vTaskPlaceOnEventList
                0x080033d0       0x30 ./FreeRTOS Source/tasks.o
                0x080033d0                vTaskPlaceOnEventList
 .text.vTaskPlaceOnEventListRestricted
                0x08003400       0x38 ./FreeRTOS Source/tasks.o
                0x08003400                vTaskPlaceOnEventListRestricted
 .text.xTaskRemoveFromEventList
                0x08003438       0x8c ./FreeRTOS Source/tasks.o
                0x08003438                xTaskRemoveFromEventList
 .text.vTaskSetTimeOutState
                0x080034c4       0x2c ./FreeRTOS Source/tasks.o
                0x080034c4                vTaskSetTimeOutState
 .text.xTaskCheckForTimeOut
                0x080034f0       0x80 ./FreeRTOS Source/tasks.o
                0x080034f0                xTaskCheckForTimeOut
 .text.vTaskMissedYield
                0x08003570        0xc ./FreeRTOS Source/tasks.o
                0x08003570                vTaskMissedYield
 .text.xTaskGetCurrentTaskHandle
                0x0800357c        0xc ./FreeRTOS Source/tasks.o
                0x0800357c                xTaskGetCurrentTaskHandle
 .text.xTaskGetSchedulerState
                0x08003588       0x20 ./FreeRTOS Source/tasks.o
                0x08003588                xTaskGetSchedulerState
 .text.vTaskPriorityInherit
                0x080035a8       0xa0 ./FreeRTOS Source/tasks.o
                0x080035a8                vTaskPriorityInherit
 .text.xTaskPriorityDisinherit
                0x08003648       0xb0 ./FreeRTOS Source/tasks.o
                0x08003648                xTaskPriorityDisinherit
 .text.pvTaskIncrementMutexHeldCount
                0x080036f8       0x1c ./FreeRTOS Source/tasks.o
                0x080036f8                pvTaskIncrementMutexHeldCount
 .text.prvGetNextExpireTime
                0x08003714       0x20 ./FreeRTOS Source/timers.o
 .text.prvInsertTimerInActiveList
                0x08003734       0x48 ./FreeRTOS Source/timers.o
 .text.prvCheckForValidListAndQueue
                0x0800377c       0x5c ./FreeRTOS Source/timers.o
 .text.prvInitialiseNewTimer
                0x080037d8       0x40 ./FreeRTOS Source/timers.o
 .text.xTimerCreateTimerTask
                0x08003818       0x50 ./FreeRTOS Source/timers.o
                0x08003818                xTimerCreateTimerTask
 .text.xTimerCreate
                0x08003868       0x32 ./FreeRTOS Source/timers.o
                0x08003868                xTimerCreate
 *fill*         0x0800389a        0x2 
 .text.xTimerGenericCommand
                0x0800389c       0x6c ./FreeRTOS Source/timers.o
                0x0800389c                xTimerGenericCommand
 .text.prvSwitchTimerLists
                0x08003908       0x78 ./FreeRTOS Source/timers.o
 .text.prvSampleTimeNow
                0x08003980       0x2c ./FreeRTOS Source/timers.o
 .text.prvProcessExpiredTimer
                0x080039ac       0x60 ./FreeRTOS Source/timers.o
 .text.prvProcessTimerOrBlockTask
                0x08003a0c       0x70 ./FreeRTOS Source/timers.o
 .text.prvProcessReceivedCommands
                0x08003a7c       0xe0 ./FreeRTOS Source/timers.o
 .text.prvTimerTask
                0x08003b5c       0x16 ./FreeRTOS Source/timers.o
 .text.xTimerGetPeriod
                0x08003b72       0x18 ./FreeRTOS Source/timers.o
                0x08003b72                xTimerGetPeriod
 .text.pvTimerGetTimerID
                0x08003b8a       0x26 ./FreeRTOS Source/timers.o
                0x08003b8a                pvTimerGetTimerID
 .text          0x08003bb0      0x254 C:/Users/User/AppData/Roaming/xPacks/@xpack-dev-tools/arm-none-eabi-gcc/13.2.1-1.1.1/.content/bin/../lib/gcc/arm-none-eabi/13.2.1/thumb/v7e-m+fp/softfp\libgcc.a(_arm_muldf3.o)
                0x08003bb0                __muldf3
                0x08003bb0                __aeabi_dmul
 .text          0x08003e04      0x378 C:/Users/User/AppData/Roaming/xPacks/@xpack-dev-tools/arm-none-eabi-gcc/13.2.1-1.1.1/.content/bin/../lib/gcc/arm-none-eabi/13.2.1/thumb/v7e-m+fp/softfp\libgcc.a(_arm_addsubdf3.o)
                0x08003e04                __aeabi_drsub
                0x08003e0c                __aeabi_dsub
                0x08003e0c                __subdf3
                0x08003e10                __aeabi_dadd
                0x08003e10                __adddf3
                0x08004088                __floatunsidf
                0x08004088                __aeabi_ui2d
                0x080040a8                __floatsidf
                0x080040a8                __aeabi_i2d
                0x080040cc                __aeabi_f2d
                0x080040cc                __extendsfdf2
                0x08004110                __floatundidf
                0x08004110                __aeabi_ul2d
                0x08004120                __floatdidf
                0x08004120                __aeabi_l2d
 .text          0x0800417c       0x50 C:/Users/User/AppData/Roaming/xPacks/@xpack-dev-tools/arm-none-eabi-gcc/13.2.1-1.1.1/.content/bin/../lib/gcc/arm-none-eabi/13.2.1/thumb/v7e-m+fp/softfp\libgcc.a(_arm_fixdfsi.o)
                0x0800417c                __aeabi_d2iz
                0x0800417c                __fixdfsi
 .text          0x080041cc       0x30 C:/Users/User/AppData/Roaming/xPacks/@xpack-dev-tools/arm-none-eabi-gcc/13.2.1-1.1.1/.content/bin/../lib/gcc/arm-none-eabi/13.2.1/thumb/v7e-m+fp/softfp\libgcc.a(_aeabi_uldivmod.o)
                0x080041cc                __aeabi_uldivmod
 .text.__udivmoddi4
                0x080041fc      0x2bc C:/Users/User/AppData/Roaming/xPacks/@xpack-dev-tools/arm-none-eabi-gcc/13.2.1-1.1.1/.content/bin/../lib/gcc/arm-none-eabi/13.2.1/thumb/v7e-m+fp/softfp\libgcc.a(_udivmoddi4.o)
                0x080041fc                __udivmoddi4
 .text          0x080044b8        0x4 C:/Users/User/AppData/Roaming/xPacks/@xpack-dev-tools/arm-none-eabi-gcc/13.2.1-1.1.1/.content/bin/../lib/gcc/arm-none-eabi/13.2.1/thumb/v7e-m+fp/softfp\libgcc.a(_dvmd_tls.o)
                0x080044b8                __aeabi_idiv0
                0x080044b8                __aeabi_ldiv0
 .text.exit     0x080044bc       0x24 C:/Users/User/AppData/Roaming/xPacks/@xpack-dev-tools/arm-none-eabi-gcc/13.2.1-1.1.1/.content/bin/../lib/gcc/arm-none-eabi/13.2.1/../../../../arm-none-eabi/lib/thumb/v7e-m+fp/softfp\libg_nano.a(libc_a-exit.o)
                0x080044bc                exit
 .text.srand    0x080044e0       0x5c C:/Users/User/AppData/Roaming/xPacks/@xpack-dev-tools/arm-none-eabi-gcc/13.2.1-1.1.1/.content/bin/../lib/gcc/arm-none-eabi/13.2.1/../../../../arm-none-eabi/lib/thumb/v7e-m+fp/softfp\libg_nano.a(libc_a-rand.o)
                0x080044e0                srand
 .text.rand     0x0800453c       0x7c C:/Users/User/AppData/Roaming/xPacks/@xpack-dev-tools/arm-none-eabi-gcc/13.2.1-1.1.1/.content/bin/../lib/gcc/arm-none-eabi/13.2.1/../../../../arm-none-eabi/lib/thumb/v7e-m+fp/softfp\libg_nano.a(libc_a-rand.o)
                0x0800453c                rand
 .text._fclose_r
                0x080045b8       0xac C:/Users/User/AppData/Roaming/xPacks/@xpack-dev-tools/arm-none-eabi-gcc/13.2.1-1.1.1/.content/bin/../lib/gcc/arm-none-eabi/13.2.1/../../../../arm-none-eabi/lib/thumb/v7e-m+fp/softfp\libg_nano.a(libc_a-fclose.o)
                0x080045b8                _fclose_r
 .text.fclose   0x08004664       0x10 C:/Users/User/AppData/Roaming/xPacks/@xpack-dev-tools/arm-none-eabi-gcc/13.2.1-1.1.1/.content/bin/../lib/gcc/arm-none-eabi/13.2.1/../../../../arm-none-eabi/lib/thumb/v7e-m+fp/softfp\libg_nano.a(libc_a-fclose.o)
                0x08004664                fclose
 .text.__sflush_r
                0x08004674      0x108 C:/Users/User/AppData/Roaming/xPacks/@xpack-dev-tools/arm-none-eabi-gcc/13.2.1-1.1.1/.content/bin/../lib/gcc/arm-none-eabi/13.2.1/../../../../arm-none-eabi/lib/thumb/v7e-m+fp/softfp\libg_nano.a(libc_a-fflush.o)
                0x08004674                __sflush_r
 .text._fflush_r
                0x0800477c       0x50 C:/Users/User/AppData/Roaming/xPacks/@xpack-dev-tools/arm-none-eabi-gcc/13.2.1-1.1.1/.content/bin/../lib/gcc/arm-none-eabi/13.2.1/../../../../arm-none-eabi/lib/thumb/v7e-m+fp/softfp\libg_nano.a(libc_a-fflush.o)
                0x0800477c                _fflush_r
 .text.std      0x080047cc       0x6c C:/Users/User/AppData/Roaming/xPacks/@xpack-dev-tools/arm-none-eabi-gcc/13.2.1-1.1.1/.content/bin/../lib/gcc/arm-none-eabi/13.2.1/../../../../arm-none-eabi/lib/thumb/v7e-m+fp/softfp\libg_nano.a(libc_a-findfp.o)
 .text.stdio_exit_handler
                0x08004838       0x18 C:/Users/User/AppData/Roaming/xPacks/@xpack-dev-tools/arm-none-eabi-gcc/13.2.1-1.1.1/.content/bin/../lib/gcc/arm-none-eabi/13.2.1/../../../../arm-none-eabi/lib/thumb/v7e-m+fp/softfp\libg_nano.a(libc_a-findfp.o)
 .text.cleanup_stdio
                0x08004850       0x40 C:/Users/User/AppData/Roaming/xPacks/@xpack-dev-tools/arm-none-eabi-gcc/13.2.1-1.1.1/.content/bin/../lib/gcc/arm-none-eabi/13.2.1/../../../../arm-none-eabi/lib/thumb/v7e-m+fp/softfp\libg_nano.a(libc_a-findfp.o)
 .text.global_stdio_init.part.0
                0x08004890       0x3c C:/Users/User/AppData/Roaming/xPacks/@xpack-dev-tools/arm-none-eabi-gcc/13.2.1-1.1.1/.content/bin/../lib/gcc/arm-none-eabi/13.2.1/../../../../arm-none-eabi/lib/thumb/v7e-m+fp/softfp\libg_nano.a(libc_a-findfp.o)
 .text.__sfp_lock_acquire
                0x080048cc        0xc C:/Users/User/AppData/Roaming/xPacks/@xpack-dev-tools/arm-none-eabi-gcc/13.2.1-1.1.1/.content/bin/../lib/gcc/arm-none-eabi/13.2.1/../../../../arm-none-eabi/lib/thumb/v7e-m+fp/softfp\libg_nano.a(libc_a-findfp.o)
                0x080048cc                __sfp_lock_acquire
 .text.__sfp_lock_release
                0x080048d8        0xc C:/Users/User/AppData/Roaming/xPacks/@xpack-dev-tools/arm-none-eabi-gcc/13.2.1-1.1.1/.content/bin/../lib/gcc/arm-none-eabi/13.2.1/../../../../arm-none-eabi/lib/thumb/v7e-m+fp/softfp\libg_nano.a(libc_a-findfp.o)
                0x080048d8                __sfp_lock_release
 .text.__sfp    0x080048e4       0xa4 C:/Users/User/AppData/Roaming/xPacks/@xpack-dev-tools/arm-none-eabi-gcc/13.2.1-1.1.1/.content/bin/../lib/gcc/arm-none-eabi/13.2.1/../../../../arm-none-eabi/lib/thumb/v7e-m+fp/softfp\libg_nano.a(libc_a-findfp.o)
                0x080048e4                __sfp
 .text.__sinit  0x08004988       0x30 C:/Users/User/AppData/Roaming/xPacks/@xpack-dev-tools/arm-none-eabi-gcc/13.2.1-1.1.1/.content/bin/../lib/gcc/arm-none-eabi/13.2.1/../../../../arm-none-eabi/lib/thumb/v7e-m+fp/softfp\libg_nano.a(libc_a-findfp.o)
                0x08004988                __sinit
 .text._fopen_r
                0x080049b8       0xa8 C:/Users/User/AppData/Roaming/xPacks/@xpack-dev-tools/arm-none-eabi-gcc/13.2.1-1.1.1/.content/bin/../lib/gcc/arm-none-eabi/13.2.1/../../../../arm-none-eabi/lib/thumb/v7e-m+fp/softfp\libg_nano.a(libc_a-fopen.o)
                0x080049b8                _fopen_r
 .text.fopen    0x08004a60       0x10 C:/Users/User/AppData/Roaming/xPacks/@xpack-dev-tools/arm-none-eabi-gcc/13.2.1-1.1.1/.content/bin/../lib/gcc/arm-none-eabi/13.2.1/../../../../arm-none-eabi/lib/thumb/v7e-m+fp/softfp\libg_nano.a(libc_a-fopen.o)
                0x08004a60                fopen
 .text.fprintf  0x08004a70       0x24 C:/Users/User/AppData/Roaming/xPacks/@xpack-dev-tools/arm-none-eabi-gcc/13.2.1-1.1.1/.content/bin/../lib/gcc/arm-none-eabi/13.2.1/../../../../arm-none-eabi/lib/thumb/v7e-m+fp/softfp\libg_nano.a(libc_a-fprintf.o)
                0x08004a70                fiprintf
                0x08004a70                fprintf
 .text._fseek_r
                0x08004a94        0x4 C:/Users/User/AppData/Roaming/xPacks/@xpack-dev-tools/arm-none-eabi-gcc/13.2.1-1.1.1/.content/bin/../lib/gcc/arm-none-eabi/13.2.1/../../../../arm-none-eabi/lib/thumb/v7e-m+fp/softfp\libg_nano.a(libc_a-fseek.o)
                0x08004a94                _fseek_r
 .text._fwalk_sglue
                0x08004a98       0x3c C:/Users/User/AppData/Roaming/xPacks/@xpack-dev-tools/arm-none-eabi-gcc/13.2.1-1.1.1/.content/bin/../lib/gcc/arm-none-eabi/13.2.1/../../../../arm-none-eabi/lib/thumb/v7e-m+fp/softfp\libg_nano.a(libc_a-fwalk.o)
                0x08004a98                _fwalk_sglue
 .text._fwrite_r
                0x08004ad4       0x96 C:/Users/User/AppData/Roaming/xPacks/@xpack-dev-tools/arm-none-eabi-gcc/13.2.1-1.1.1/.content/bin/../lib/gcc/arm-none-eabi/13.2.1/../../../../arm-none-eabi/lib/thumb/v7e-m+fp/softfp\libg_nano.a(libc_a-fwrite.o)
                0x08004ad4                _fwrite_r
 *fill*         0x08004b6a        0x2 
 .text.fwrite   0x08004b6c       0x1c C:/Users/User/AppData/Roaming/xPacks/@xpack-dev-tools/arm-none-eabi-gcc/13.2.1-1.1.1/.content/bin/../lib/gcc/arm-none-eabi/13.2.1/../../../../arm-none-eabi/lib/thumb/v7e-m+fp/softfp\libg_nano.a(libc_a-fwrite.o)
                0x08004b6c                fwrite
 .text._puts_r  0x08004b88       0xaa C:/Users/User/AppData/Roaming/xPacks/@xpack-dev-tools/arm-none-eabi-gcc/13.2.1-1.1.1/.content/bin/../lib/gcc/arm-none-eabi/13.2.1/../../../../arm-none-eabi/lib/thumb/v7e-m+fp/softfp\libg_nano.a(libc_a-puts.o)
                0x08004b88                _puts_r
 *fill*         0x08004c32        0x2 
 .text.puts     0x08004c34       0x10 C:/Users/User/AppData/Roaming/xPacks/@xpack-dev-tools/arm-none-eabi-gcc/13.2.1-1.1.1/.content/bin/../lib/gcc/arm-none-eabi/13.2.1/../../../../arm-none-eabi/lib/thumb/v7e-m+fp/softfp\libg_nano.a(libc_a-puts.o)
                0x08004c34                puts
 .text.snprintf
                0x08004c44       0x68 C:/Users/User/AppData/Roaming/xPacks/@xpack-dev-tools/arm-none-eabi-gcc/13.2.1-1.1.1/.content/bin/../lib/gcc/arm-none-eabi/13.2.1/../../../../arm-none-eabi/lib/thumb/v7e-m+fp/softfp\libg_nano.a(libc_a-snprintf.o)
                0x08004c44                sniprintf
                0x08004c44                snprintf
 .text.__sread  0x08004cac       0x22 C:/Users/User/AppData/Roaming/xPacks/@xpack-dev-tools/arm-none-eabi-gcc/13.2.1-1.1.1/.content/bin/../lib/gcc/arm-none-eabi/13.2.1/../../../../arm-none-eabi/lib/thumb/v7e-m+fp/softfp\libg_nano.a(libc_a-stdio.o)
                0x08004cac                __sread
 .text.__swrite
                0x08004cce       0x38 C:/Users/User/AppData/Roaming/xPacks/@xpack-dev-tools/arm-none-eabi-gcc/13.2.1-1.1.1/.content/bin/../lib/gcc/arm-none-eabi/13.2.1/../../../../arm-none-eabi/lib/thumb/v7e-m+fp/softfp\libg_nano.a(libc_a-stdio.o)
                0x08004cce                __swrite
 .text.__sseek  0x08004d06       0x24 C:/Users/User/AppData/Roaming/xPacks/@xpack-dev-tools/arm-none-eabi-gcc/13.2.1-1.1.1/.content/bin/../lib/gcc/arm-none-eabi/13.2.1/../../../../arm-none-eabi/lib/thumb/v7e-m+fp/softfp\libg_nano.a(libc_a-stdio.o)
                0x08004d06                __sseek
 .text.__sclose
                0x08004d2a        0x8 C:/Users/User/AppData/Roaming/xPacks/@xpack-dev-tools/arm-none-eabi-gcc/13.2.1-1.1.1/.content/bin/../lib/gcc/arm-none-eabi/13.2.1/../../../../arm-none-eabi/lib/thumb/v7e-m+fp/softfp\libg_nano.a(libc_a-stdio.o)
                0x08004d2a                __sclose
 .text._vsnprintf_r
                0x08004d32       0x56 C:/Users/User/AppData/Roaming/xPacks/@xpack-dev-tools/arm-none-eabi-gcc/13.2.1-1.1.1/.content/bin/../lib/gcc/arm-none-eabi/13.2.1/../../../../arm-none-eabi/lib/thumb/v7e-m+fp/softfp\libg_nano.a(libc_a-vsnprintf.o)
                0x08004d32                _vsniprintf_r
                0x08004d32                _vsnprintf_r
 .text.vsnprintf
                0x08004d88       0x1c C:/Users/User/AppData/Roaming/xPacks/@xpack-dev-tools/arm-none-eabi-gcc/13.2.1-1.1.1/.content/bin/../lib/gcc/arm-none-eabi/13.2.1/../../../../arm-none-eabi/lib/thumb/v7e-m+fp/softfp\libg_nano.a(libc_a-vsnprintf.o)
                0x08004d88                vsniprintf
                0x08004d88                vsnprintf
 .text.__swbuf_r
                0x08004da4       0x7c C:/Users/User/AppData/Roaming/xPacks/@xpack-dev-tools/arm-none-eabi-gcc/13.2.1-1.1.1/.content/bin/../lib/gcc/arm-none-eabi/13.2.1/../../../../arm-none-eabi/lib/thumb/v7e-m+fp/softfp\libg_nano.a(libc_a-wbuf.o)
                0x08004da4                __swbuf_r
 .text.__swsetup_r
                0x08004e20       0xac C:/Users/User/AppData/Roaming/xPacks/@xpack-dev-tools/arm-none-eabi-gcc/13.2.1-1.1.1/.content/bin/../lib/gcc/arm-none-eabi/13.2.1/../../../../arm-none-eabi/lib/thumb/v7e-m+fp/softfp\libg_nano.a(libc_a-wsetup.o)
                0x08004e20                __swsetup_r
 .text._fseeko_r
                0x08004ecc      0x12e C:/Users/User/AppData/Roaming/xPacks/@xpack-dev-tools/arm-none-eabi-gcc/13.2.1-1.1.1/.content/bin/../lib/gcc/arm-none-eabi/13.2.1/../../../../arm-none-eabi/lib/thumb/v7e-m+fp/softfp\libg_nano.a(libc_a-fseeko.o)
                0x08004ecc                _fseeko_r
 .text.memset   0x08004ffa       0x10 C:/Users/User/AppData/Roaming/xPacks/@xpack-dev-tools/arm-none-eabi-gcc/13.2.1-1.1.1/.content/bin/../lib/gcc/arm-none-eabi/13.2.1/../../../../arm-none-eabi/lib/thumb/v7e-m+fp/softfp\libg_nano.a(libc_a-memset.o)
                0x08004ffa                memset
 *fill*         0x0800500a        0x2 
 .text.time     0x0800500c       0x38 C:/Users/User/AppData/Roaming/xPacks/@xpack-dev-tools/arm-none-eabi-gcc/13.2.1-1.1.1/.content/bin/../lib/gcc/arm-none-eabi/13.2.1/../../../../arm-none-eabi/lib/thumb/v7e-m+fp/softfp\libg_nano.a(libc_a-time.o)
                0x0800500c                time
 .text._close_r
                0x08005044       0x20 C:/Users/User/AppData/Roaming/xPacks/@xpack-dev-tools/arm-none-eabi-gcc/13.2.1-1.1.1/.content/bin/../lib/gcc/arm-none-eabi/13.2.1/../../../../arm-none-eabi/lib/thumb/v7e-m+fp/softfp\libg_nano.a(libc_a-closer.o)
                0x08005044                _close_r
 .text._gettimeofday_r
                0x08005064       0x24 C:/Users/User/AppData/Roaming/xPacks/@xpack-dev-tools/arm-none-eabi-gcc/13.2.1-1.1.1/.content/bin/../lib/gcc/arm-none-eabi/13.2.1/../../../../arm-none-eabi/lib/thumb/v7e-m+fp/softfp\libg_nano.a(libc_a-gettimeofdayr.o)
                0x08005064                _gettimeofday_r
 .text._lseek_r
                0x08005088       0x24 C:/Users/User/AppData/Roaming/xPacks/@xpack-dev-tools/arm-none-eabi-gcc/13.2.1-1.1.1/.content/bin/../lib/gcc/arm-none-eabi/13.2.1/../../../../arm-none-eabi/lib/thumb/v7e-m+fp/softfp\libg_nano.a(libc_a-lseekr.o)
                0x08005088                _lseek_r
 .text._open_r  0x080050ac       0x24 C:/Users/User/AppData/Roaming/xPacks/@xpack-dev-tools/arm-none-eabi-gcc/13.2.1-1.1.1/.content/bin/../lib/gcc/arm-none-eabi/13.2.1/../../../../arm-none-eabi/lib/thumb/v7e-m+fp/softfp\libg_nano.a(libc_a-openr.o)
                0x080050ac                _open_r
 .text._read_r  0x080050d0       0x24 C:/Users/User/AppData/Roaming/xPacks/@xpack-dev-tools/arm-none-eabi-gcc/13.2.1-1.1.1/.content/bin/../lib/gcc/arm-none-eabi/13.2.1/../../../../arm-none-eabi/lib/thumb/v7e-m+fp/softfp\libg_nano.a(libc_a-readr.o)
                0x080050d0                _read_r
 .text._write_r
                0x080050f4       0x24 C:/Users/User/AppData/Roaming/xPacks/@xpack-dev-tools/arm-none-eabi-gcc/13.2.1-1.1.1/.content/bin/../lib/gcc/arm-none-eabi/13.2.1/../../../../arm-none-eabi/lib/thumb/v7e-m+fp/softfp\libg_nano.a(libc_a-writer.o)
                0x080050f4                _write_r
 .text.__errno  0x08005118        0xc C:/Users/User/AppData/Roaming/xPacks/@xpack-dev-tools/arm-none-eabi-gcc/13.2.1-1.1.1/.content/bin/../lib/gcc/arm-none-eabi/13.2.1/../../../../arm-none-eabi/lib/thumb/v7e-m+fp/softfp\libg_nano.a(libc_a-errno.o)
                0x08005118                __errno
 .text.__retarget_lock_init_recursive
                0x08005124        0x2 C:/Users/User/AppData/Roaming/xPacks/@xpack-dev-tools/arm-none-eabi-gcc/13.2.1-1.1.1/.content/bin/../lib/gcc/arm-none-eabi/13.2.1/../../../../arm-none-eabi/lib/thumb/v7e-m+fp/softfp\libg_nano.a(libc_a-lock.o)
                0x08005124                __retarget_lock_init_recursive
 .text.__retarget_lock_close_recursive
                0x08005126        0x2 C:/Users/User/AppData/Roaming/xPacks/@xpack-dev-tools/arm-none-eabi-gcc/13.2.1-1.1.1/.content/bin/../lib/gcc/arm-none-eabi/13.2.1/../../../../arm-none-eabi/lib/thumb/v7e-m+fp/softfp\libg_nano.a(libc_a-lock.o)
                0x08005126                __retarget_lock_close_recursive
 .text.__retarget_lock_acquire_recursive
                0x08005128        0x2 C:/Users/User/AppData/Roaming/xPacks/@xpack-dev-tools/arm-none-eabi-gcc/13.2.1-1.1.1/.content/bin/../lib/gcc/arm-none-eabi/13.2.1/../../../../arm-none-eabi/lib/thumb/v7e-m+fp/softfp\libg_nano.a(libc_a-lock.o)
                0x08005128                __retarget_lock_acquire_recursive
 .text.__retarget_lock_release_recursive
                0x0800512a        0x2 C:/Users/User/AppData/Roaming/xPacks/@xpack-dev-tools/arm-none-eabi-gcc/13.2.1-1.1.1/.content/bin/../lib/gcc/arm-none-eabi/13.2.1/../../../../arm-none-eabi/lib/thumb/v7e-m+fp/softfp\libg_nano.a(libc_a-lock.o)
                0x0800512a                __retarget_lock_release_recursive
 .text          0x0800512c       0x14 C:/Users/User/AppData/Roaming/xPacks/@xpack-dev-tools/arm-none-eabi-gcc/13.2.1-1.1.1/.content/bin/../lib/gcc/arm-none-eabi/13.2.1/../../../../arm-none-eabi/lib/thumb/v7e-m+fp/softfp\libg_nano.a(libc_a-strcmp.o)
                0x0800512c                strcmp
 .text.memcpy   0x08005140       0x1c C:/Users/User/AppData/Roaming/xPacks/@xpack-dev-tools/arm-none-eabi-gcc/13.2.1-1.1.1/.content/bin/../lib/gcc/arm-none-eabi/13.2.1/../../../../arm-none-eabi/lib/thumb/v7e-m+fp/softfp\libg_nano.a(libc_a-memcpy-stub.o)
                0x08005140                memcpy
 .text          0x0800515c       0x10 C:/Users/User/AppData/Roaming/xPacks/@xpack-dev-tools/arm-none-eabi-gcc/13.2.1-1.1.1/.content/bin/../lib/gcc/arm-none-eabi/13.2.1/../../../../arm-none-eabi/lib/thumb/v7e-m+fp/softfp\libg_nano.a(libc_a-strlen.o)
                0x0800515c                strlen
 .text._free_r  0x0800516c       0x94 C:/Users/User/AppData/Roaming/xPacks/@xpack-dev-tools/arm-none-eabi-gcc/13.2.1-1.1.1/.content/bin/../lib/gcc/arm-none-eabi/13.2.1/../../../../arm-none-eabi/lib/thumb/v7e-m+fp/softfp\libg_nano.a(libc_a-freer.o)
                0x0800516c                _free_r
 .text.malloc   0x08005200       0x10 C:/Users/User/AppData/Roaming/xPacks/@xpack-dev-tools/arm-none-eabi-gcc/13.2.1-1.1.1/.content/bin/../lib/gcc/arm-none-eabi/13.2.1/../../../../arm-none-eabi/lib/thumb/v7e-m+fp/softfp\libg_nano.a(libc_a-malloc.o)
                0x08005200                malloc
 .text.sbrk_aligned
                0x08005210       0x44 C:/Users/User/AppData/Roaming/xPacks/@xpack-dev-tools/arm-none-eabi-gcc/13.2.1-1.1.1/.content/bin/../lib/gcc/arm-none-eabi/13.2.1/../../../../arm-none-eabi/lib/thumb/v7e-m+fp/softfp\libg_nano.a(libc_a-mallocr.o)
 .text._malloc_r
                0x08005254      0x100 C:/Users/User/AppData/Roaming/xPacks/@xpack-dev-tools/arm-none-eabi-gcc/13.2.1-1.1.1/.content/bin/../lib/gcc/arm-none-eabi/13.2.1/../../../../arm-none-eabi/lib/thumb/v7e-m+fp/softfp\libg_nano.a(libc_a-mallocr.o)
                0x08005254                _malloc_r
 .text.__malloc_lock
                0x08005354        0xc C:/Users/User/AppData/Roaming/xPacks/@xpack-dev-tools/arm-none-eabi-gcc/13.2.1-1.1.1/.content/bin/../lib/gcc/arm-none-eabi/13.2.1/../../../../arm-none-eabi/lib/thumb/v7e-m+fp/softfp\libg_nano.a(libc_a-mlock.o)
                0x08005354                __malloc_lock
 .text.__malloc_unlock
                0x08005360        0xc C:/Users/User/AppData/Roaming/xPacks/@xpack-dev-tools/arm-none-eabi-gcc/13.2.1-1.1.1/.content/bin/../lib/gcc/arm-none-eabi/13.2.1/../../../../arm-none-eabi/lib/thumb/v7e-m+fp/softfp\libg_nano.a(libc_a-mlock.o)
                0x08005360                __malloc_unlock
 .text.__ssputs_r
                0x0800536c       0xb6 C:/Users/User/AppData/Roaming/xPacks/@xpack-dev-tools/arm-none-eabi-gcc/13.2.1-1.1.1/.content/bin/../lib/gcc/arm-none-eabi/13.2.1/../../../../arm-none-eabi/lib/thumb/v7e-m+fp/softfp\libg_nano.a(libc_a-nano-svfprintf.o)
                0x0800536c                __ssputs_r
 *fill*         0x08005422        0x2 
 .text._svfprintf_r
                0x08005424      0x1f8 C:/Users/User/AppData/Roaming/xPacks/@xpack-dev-tools/arm-none-eabi-gcc/13.2.1-1.1.1/.content/bin/../lib/gcc/arm-none-eabi/13.2.1/../../../../arm-none-eabi/lib/thumb/v7e-m+fp/softfp\libg_nano.a(libc_a-nano-svfprintf.o)
                0x08005424                _svfiprintf_r
                0x08005424                _svfprintf_r
 .text.__sfputc_r
                0x0800561c       0x2e C:/Users/User/AppData/Roaming/xPacks/@xpack-dev-tools/arm-none-eabi-gcc/13.2.1-1.1.1/.content/bin/../lib/gcc/arm-none-eabi/13.2.1/../../../../arm-none-eabi/lib/thumb/v7e-m+fp/softfp\libg_nano.a(libc_a-nano-vfprintf.o)
 .text.__sfputs_r
                0x0800564a       0x24 C:/Users/User/AppData/Roaming/xPacks/@xpack-dev-tools/arm-none-eabi-gcc/13.2.1-1.1.1/.content/bin/../lib/gcc/arm-none-eabi/13.2.1/../../../../arm-none-eabi/lib/thumb/v7e-m+fp/softfp\libg_nano.a(libc_a-nano-vfprintf.o)
                0x0800564a                __sfputs_r
 *fill*         0x0800566e        0x2 
 .text._vfprintf_r
                0x08005670      0x230 C:/Users/User/AppData/Roaming/xPacks/@xpack-dev-tools/arm-none-eabi-gcc/13.2.1-1.1.1/.content/bin/../lib/gcc/arm-none-eabi/13.2.1/../../../../arm-none-eabi/lib/thumb/v7e-m+fp/softfp\libg_nano.a(libc_a-nano-vfprintf.o)
                0x08005670                _vfprintf_r
                0x08005670                _vfiprintf_r
 .text._printf_common
                0x080058a0       0xda C:/Users/User/AppData/Roaming/xPacks/@xpack-dev-tools/arm-none-eabi-gcc/13.2.1-1.1.1/.content/bin/../lib/gcc/arm-none-eabi/13.2.1/../../../../arm-none-eabi/lib/thumb/v7e-m+fp/softfp\libg_nano.a(libc_a-nano-vfprintf_i.o)
                0x080058a0                _printf_common
 *fill*         0x0800597a        0x2 
 .text._printf_i
                0x0800597c      0x23c C:/Users/User/AppData/Roaming/xPacks/@xpack-dev-tools/arm-none-eabi-gcc/13.2.1-1.1.1/.content/bin/../lib/gcc/arm-none-eabi/13.2.1/../../../../arm-none-eabi/lib/thumb/v7e-m+fp/softfp\libg_nano.a(libc_a-nano-vfprintf_i.o)
                0x0800597c                _printf_i
 .text.__sflags
                0x08005bb8       0x6c C:/Users/User/AppData/Roaming/xPacks/@xpack-dev-tools/arm-none-eabi-gcc/13.2.1-1.1.1/.content/bin/../lib/gcc/arm-none-eabi/13.2.1/../../../../arm-none-eabi/lib/thumb/v7e-m+fp/softfp\libg_nano.a(libc_a-flags.o)
                0x08005bb8                __sflags
 .text.__swhatbuf_r
                0x08005c24       0x4c C:/Users/User/AppData/Roaming/xPacks/@xpack-dev-tools/arm-none-eabi-gcc/13.2.1-1.1.1/.content/bin/../lib/gcc/arm-none-eabi/13.2.1/../../../../arm-none-eabi/lib/thumb/v7e-m+fp/softfp\libg_nano.a(libc_a-makebuf.o)
                0x08005c24                __swhatbuf_r
 .text.__smakebuf_r
                0x08005c70       0x78 C:/Users/User/AppData/Roaming/xPacks/@xpack-dev-tools/arm-none-eabi-gcc/13.2.1-1.1.1/.content/bin/../lib/gcc/arm-none-eabi/13.2.1/../../../../arm-none-eabi/lib/thumb/v7e-m+fp/softfp\libg_nano.a(libc_a-makebuf.o)
                0x08005c70                __smakebuf_r
 .text.memmove  0x08005ce8       0x34 C:/Users/User/AppData/Roaming/xPacks/@xpack-dev-tools/arm-none-eabi-gcc/13.2.1-1.1.1/.content/bin/../lib/gcc/arm-none-eabi/13.2.1/../../../../arm-none-eabi/lib/thumb/v7e-m+fp/softfp\libg_nano.a(libc_a-memmove.o)
                0x08005ce8                memmove
 .text._fstat_r
                0x08005d1c       0x24 C:/Users/User/AppData/Roaming/xPacks/@xpack-dev-tools/arm-none-eabi-gcc/13.2.1-1.1.1/.content/bin/../lib/gcc/arm-none-eabi/13.2.1/../../../../arm-none-eabi/lib/thumb/v7e-m+fp/softfp\libg_nano.a(libc_a-fstatr.o)
                0x08005d1c                _fstat_r
 .text._isatty_r
                0x08005d40       0x20 C:/Users/User/AppData/Roaming/xPacks/@xpack-dev-tools/arm-none-eabi-gcc/13.2.1-1.1.1/.content/bin/../lib/gcc/arm-none-eabi/13.2.1/../../../../arm-none-eabi/lib/thumb/v7e-m+fp/softfp\libg_nano.a(libc_a-isattyr.o)
                0x08005d40                _isatty_r
 .text._sbrk_r  0x08005d60       0x20 C:/Users/User/AppData/Roaming/xPacks/@xpack-dev-tools/arm-none-eabi-gcc/13.2.1-1.1.1/.content/bin/../lib/gcc/arm-none-eabi/13.2.1/../../../../arm-none-eabi/lib/thumb/v7e-m+fp/softfp\libg_nano.a(libc_a-sbrkr.o)
                0x08005d60                _sbrk_r
 .text          0x08005d80       0xa0 C:/Users/User/AppData/Roaming/xPacks/@xpack-dev-tools/arm-none-eabi-gcc/13.2.1-1.1.1/.content/bin/../lib/gcc/arm-none-eabi/13.2.1/../../../../arm-none-eabi/lib/thumb/v7e-m+fp/softfp\libg_nano.a(libc_a-memchr.o)
                0x08005d80                memchr
 .text._realloc_r
                0x08005e20       0x5c C:/Users/User/AppData/Roaming/xPacks/@xpack-dev-tools/arm-none-eabi-gcc/13.2.1-1.1.1/.content/bin/../lib/gcc/arm-none-eabi/13.2.1/../../../../arm-none-eabi/lib/thumb/v7e-m+fp/softfp\libg_nano.a(libc_a-reallocr.o)
                0x08005e20                _realloc_r
 .text._malloc_usable_size_r
                0x08005e7c       0x10 C:/Users/User/AppData/Roaming/xPacks/@xpack-dev-tools/arm-none-eabi-gcc/13.2.1-1.1.1/.content/bin/../lib/gcc/arm-none-eabi/13.2.1/../../../../arm-none-eabi/lib/thumb/v7e-m+fp/softfp\libg_nano.a(libc_a-msizer.o)
                0x08005e7c                _malloc_usable_size_r
 *(.rodata .rodata.* .constdata .constdata.*)
 .rodata.HAL_NVIC_SetPriorityGrouping.str1.4
                0x08005e8c      0x5d8 ./system/src/stm32f4-hal/stm32f4xx_hal_cortex.o
                                 0x31 (size before relaxing)
 .rodata.HAL_RCC_OscConfig.str1.4
                0x08006464       0x2e ./system/src/stm32f4-hal/stm32f4xx_hal_rcc.o
 .rodata.__assert_func.str1.4
                0x08006464       0x43 ./system/src/newlib/assert.o
 .rodata.abort.str1.4
                0x08006464       0x14 ./system/src/newlib/exit.o
 .rodata.initialise_monitor_handles.str1.4
                0x08006464        0x4 ./system/src/newlib/syscalls.o
 .rodata.trace_puts.str1.4
                0x08006464        0x2 ./system/src/diag/trace.o
 .rodata.dumpExceptionStack.str1.4
                0x08006464      0x11a ./system/src/cortexm/exception-handlers.o
 .rodata.isSemihosting.str1.4
                0x08006464        0x4 ./system/src/cortexm/exception-handlers.o
 .rodata.str1.4
                0x08006464       0x2a ./system/src/cortexm/exception-handlers.o
 .rodata.AHBPrescTable
                0x08006464       0x10 ./system/src/cmsis/system_stm32f4xx.o
                0x08006464                AHBPrescTable
 .rodata.assert_failed.str1.4
                0x08006474       0x2d ./src/initialize-hardware.o
 .rodata.statistics.str1.4
                0x08006474       0x9e ./src/main.o
 .rodata.writeCVS.str1.4
                0x08006474       0x3b ./src/main.o
 .rodata.endProgram.str1.4
                0x08006474        0xb ./src/main.o
 .rodata.ReceiverTask.str1.4
                0x08006474       0x28 ./src/main.o
 .rodata.createCVS.str1.4
                0x08006474       0xe9 ./src/main.o
 .rodata.SenderTask.str1.4
                0x08006474       0x41 ./src/main.o
 .rodata.main.str1.4
                0x08006474      0x150 ./src/main.o
 .rodata.upper  0x08006474       0x18 ./src/main.o
                0x08006474                upper
 .rodata.lower  0x0800648c       0x18 ./src/main.o
                0x0800648c                lower
 .rodata.vTaskStartScheduler.str1.4
                0x080064a4        0x5 ./FreeRTOS Source/tasks.o
 .rodata.prvCheckForValidListAndQueue.str1.4
                0x080064a4        0x5 ./FreeRTOS Source/timers.o
 .rodata.xTimerCreateTimerTask.str1.4
                0x080064a4        0x8 ./FreeRTOS Source/timers.o
 .rodata.srand.str1.1
                0x080064a4       0xbf C:/Users/User/AppData/Roaming/xPacks/@xpack-dev-tools/arm-none-eabi-gcc/13.2.1-1.1.1/.content/bin/../lib/gcc/arm-none-eabi/13.2.1/../../../../arm-none-eabi/lib/thumb/v7e-m+fp/softfp\libg_nano.a(libc_a-rand.o)
                                 0x8c (size before relaxing)
 .rodata._ctype_
                0x08006563      0x101 C:/Users/User/AppData/Roaming/xPacks/@xpack-dev-tools/arm-none-eabi-gcc/13.2.1-1.1.1/.content/bin/../lib/gcc/arm-none-eabi/13.2.1/../../../../arm-none-eabi/lib/thumb/v7e-m+fp/softfp\libg_nano.a(libc_a-ctype_.o)
                0x08006563                _ctype_
 .rodata._svfprintf_r.str1.1
                0x08006664       0x11 C:/Users/User/AppData/Roaming/xPacks/@xpack-dev-tools/arm-none-eabi-gcc/13.2.1-1.1.1/.content/bin/../lib/gcc/arm-none-eabi/13.2.1/../../../../arm-none-eabi/lib/thumb/v7e-m+fp/softfp\libg_nano.a(libc_a-nano-svfprintf.o)
 .rodata._vfprintf_r.str1.1
                0x08006664       0x11 C:/Users/User/AppData/Roaming/xPacks/@xpack-dev-tools/arm-none-eabi-gcc/13.2.1-1.1.1/.content/bin/../lib/gcc/arm-none-eabi/13.2.1/../../../../arm-none-eabi/lib/thumb/v7e-m+fp/softfp\libg_nano.a(libc_a-nano-vfprintf.o)
 .rodata._printf_i.str1.1
                0x08006664       0x22 C:/Users/User/AppData/Roaming/xPacks/@xpack-dev-tools/arm-none-eabi-gcc/13.2.1-1.1.1/.content/bin/../lib/gcc/arm-none-eabi/13.2.1/../../../../arm-none-eabi/lib/thumb/v7e-m+fp/softfp\libg_nano.a(libc_a-nano-vfprintf_i.o)
 *(vtable)
 *(.eh_frame*)
 .eh_frame      0x08006664       0x28 C:/Users/User/AppData/Roaming/xPacks/@xpack-dev-tools/arm-none-eabi-gcc/13.2.1-1.1.1/.content/bin/../lib/gcc/arm-none-eabi/13.2.1/../../../../arm-none-eabi/lib/thumb/v7e-m+fp/softfp\libg_nano.a(libc_a-strlen.o)
 .eh_frame      0x0800668c       0x50 C:/Users/User/AppData/Roaming/xPacks/@xpack-dev-tools/arm-none-eabi-gcc/13.2.1-1.1.1/.content/bin/../lib/gcc/arm-none-eabi/13.2.1/../../../../arm-none-eabi/lib/thumb/v7e-m+fp/softfp\libg_nano.a(libc_a-memchr.o)
 *(.glue_7)
 .glue_7        0x080066dc        0x0 linker stubs
 *(.glue_7t)
 .glue_7t       0x080066dc        0x0 linker stubs

.vfp11_veneer   0x080066dc        0x0
 .vfp11_veneer  0x080066dc        0x0 linker stubs

.v4_bx          0x080066dc        0x0
 .v4_bx         0x080066dc        0x0 linker stubs

.iplt           0x080066dc        0x0
 .iplt          0x080066dc        0x0 ./system/src/stm32f4-hal/stm32f4xx_hal.o

.ARM.extab
 *(.ARM.extab* .gnu.linkonce.armextab.*)
                0x080066dc                        . = ALIGN (0x4)
                0x080066dc                        __exidx_start = .

.ARM.exidx      0x080066dc        0x8
 *(.ARM.exidx* .gnu.linkonce.armexidx.*)
 .ARM.exidx.text.__udivmoddi4
                0x080066dc        0x8 C:/Users/User/AppData/Roaming/xPacks/@xpack-dev-tools/arm-none-eabi-gcc/13.2.1-1.1.1/.content/bin/../lib/gcc/arm-none-eabi/13.2.1/thumb/v7e-m+fp/softfp\libgcc.a(_udivmoddi4.o)
 .ARM.exidx     0x080066e4        0x0 C:/Users/User/AppData/Roaming/xPacks/@xpack-dev-tools/arm-none-eabi-gcc/13.2.1-1.1.1/.content/bin/../lib/gcc/arm-none-eabi/13.2.1/../../../../arm-none-eabi/lib/thumb/v7e-m+fp/softfp\libg_nano.a(libc_a-strcmp.o)
                                  0x8 (size before relaxing)
 .ARM.exidx     0x080066e4        0x0 C:/Users/User/AppData/Roaming/xPacks/@xpack-dev-tools/arm-none-eabi-gcc/13.2.1-1.1.1/.content/bin/../lib/gcc/arm-none-eabi/13.2.1/../../../../arm-none-eabi/lib/thumb/v7e-m+fp/softfp\libg_nano.a(libc_a-strlen.o)
                                  0x8 (size before relaxing)
 .ARM.exidx     0x080066e4        0x0 C:/Users/User/AppData/Roaming/xPacks/@xpack-dev-tools/arm-none-eabi-gcc/13.2.1-1.1.1/.content/bin/../lib/gcc/arm-none-eabi/13.2.1/../../../../arm-none-eabi/lib/thumb/v7e-m+fp/softfp\libg_nano.a(libc_a-memchr.o)
                                  0x8 (size before relaxing)
                0x080066e4                        __exidx_end = .

.rel.dyn        0x080066e4        0x0
 .rel.iplt      0x080066e4        0x0 ./system/src/stm32f4-hal/stm32f4xx_hal.o
                0x080066e4                        . = ALIGN (0x4)
                0x080066e4                        _etext = .
                0x080066e4                        __etext = .

.data_CCMRAM    0x10000000        0x0 load address 0x080066e4
 FILL mask 0xff
 *(.data.CCMRAM .data.CCMRAM.*)
                0x10000000                        . = ALIGN (0x4)
                0x080066e4                        _sidata = LOADADDR (.data)

.data           0x20000000       0x74 load address 0x080066e4
 FILL mask 0xff
                0x20000000                        _sdata = .
                0x20000000                        __data_start__ = .
 *(.data_begin .data_begin.*)
 .data_begin    0x20000000        0x4 ./system/src/newlib/startup.o
 *(.data .data.*)
 .data.uwTickFreq
                0x20000004        0x1 ./system/src/stm32f4-hal/stm32f4xx_hal.o
                0x20000004                uwTickFreq
 *fill*         0x20000005        0x3 ff
 .data.uwTickPrio
                0x20000008        0x4 ./system/src/stm32f4-hal/stm32f4xx_hal.o
                0x20000008                uwTickPrio
 .data.SystemCoreClock
                0x2000000c        0x4 ./system/src/cmsis/system_stm32f4xx.o
                0x2000000c                SystemCoreClock
 .data.uxCriticalNesting
                0x20000010        0x4 ./FreeRTOS Source/portable/GCC/ARM_CM4F/port.o
 .data.__sglue  0x20000014        0xc C:/Users/User/AppData/Roaming/xPacks/@xpack-dev-tools/arm-none-eabi-gcc/13.2.1-1.1.1/.content/bin/../lib/gcc/arm-none-eabi/13.2.1/../../../../arm-none-eabi/lib/thumb/v7e-m+fp/softfp\libg_nano.a(libc_a-findfp.o)
                0x20000014                __sglue
 .data._impure_ptr
                0x20000020        0x4 C:/Users/User/AppData/Roaming/xPacks/@xpack-dev-tools/arm-none-eabi-gcc/13.2.1-1.1.1/.content/bin/../lib/gcc/arm-none-eabi/13.2.1/../../../../arm-none-eabi/lib/thumb/v7e-m+fp/softfp\libg_nano.a(libc_a-impure.o)
                0x20000020                _impure_ptr
 .data._impure_data
                0x20000024       0x4c C:/Users/User/AppData/Roaming/xPacks/@xpack-dev-tools/arm-none-eabi-gcc/13.2.1-1.1.1/.content/bin/../lib/gcc/arm-none-eabi/13.2.1/../../../../arm-none-eabi/lib/thumb/v7e-m+fp/softfp\libg_nano.a(libc_a-impure.o)
                0x20000024                _impure_data
 *(.data_end .data_end.*)
 .data_end      0x20000070        0x4 ./system/src/newlib/startup.o
                0x20000074                        . = ALIGN (0x4)
                0x20000074                        _edata = .
                0x20000074                        __data_end__ = .

.igot.plt       0x20000074        0x0 load address 0x08006758
 .igot.plt      0x20000074        0x0 ./system/src/stm32f4-hal/stm32f4xx_hal.o

.bss_CCMRAM     0x10000000        0x0
 *(.bss.CCMRAM .bss.CCMRAM.*)

.bss            0x20000074    0x13110
                0x20000074                        __bss_start__ = .
                0x20000074                        _sbss = .
 *(.bss_begin .bss_begin.*)
 .bss_begin     0x20000074        0x4 ./system/src/newlib/startup.o
 *(.bss .bss.*)
 .bss.uwTick    0x20000078        0x4 ./system/src/stm32f4-hal/stm32f4xx_hal.o
                0x20000078                uwTick
 .bss.current_heap_end.0
                0x2000007c        0x4 ./system/src/newlib/sbrk.o
 .bss.argv_buf.0
                0x20000080       0x28 ./system/src/newlib/syscalls.o
 .bss.args_buf.1
                0x200000a8       0x50 ./system/src/newlib/syscalls.o
 .bss.monitor_stderr
                0x200000f8        0x4 ./system/src/newlib/syscalls.o
 .bss.monitor_stdout
                0x200000fc        0x4 ./system/src/newlib/syscalls.o
 .bss.monitor_stdin
                0x20000100        0x4 ./system/src/newlib/syscalls.o
 .bss.openfiles
                0x20000104       0xa0 ./system/src/newlib/syscalls.o
 .bss.errno     0x200001a4        0x4 ./system/src/newlib/syscalls.o
                0x200001a4                errno
 .bss.buf.0     0x200001a8       0x80 ./system/src/diag/trace.o
 .bss.FCVS      0x20000228        0x4 ./src/main.o
                0x20000228                FCVS
 .bss.receiverSemaphore
                0x2000022c        0x4 ./src/main.o
                0x2000022c                receiverSemaphore
 .bss.senderSemaphore
                0x20000230        0xc ./src/main.o
                0x20000230                senderSemaphore
 .bss.Queue_Handler
                0x2000023c        0x4 ./src/main.o
                0x2000023c                Queue_Handler
 .bss.xReceiverTimer
                0x20000240        0x4 ./src/main.o
                0x20000240                xReceiverTimer
 .bss.xSenderTimers
                0x20000244        0xc ./src/main.o
                0x20000244                xSenderTimers
 .bss.TaskHandle_Senderhigh
                0x20000250        0x4 ./src/main.o
                0x20000250                TaskHandle_Senderhigh
 .bss.TaskHandle_Sender2low
                0x20000254        0x4 ./src/main.o
                0x20000254                TaskHandle_Sender2low
 .bss.TaskHandle_Sender1low
                0x20000258        0x4 ./src/main.o
                0x20000258                TaskHandle_Sender1low
 .bss.iteration
                0x2000025c        0x4 ./src/main.o
                0x2000025c                iteration
 .bss.receivedblocked
                0x20000260        0x4 ./src/main.o
                0x20000260                receivedblocked
 .bss.received  0x20000264        0x4 ./src/main.o
                0x20000264                received
 .bss.randomnum
                0x20000268        0xc ./src/main.o
                0x20000268                randomnum
 .bss.totalrandom
                0x20000274        0xc ./src/main.o
                0x20000274                totalrandom
 .bss.block     0x20000280        0xc ./src/main.o
                0x20000280                block
 .bss.transmit  0x2000028c        0xc ./src/main.o
                0x2000028c                transmit
 .bss.xBlockAllocatedBit
                0x20000298        0x4 ./FreeRTOS Source/portable/MemMang/heap_4.o
 .bss.xMinimumEverFreeBytesRemaining
                0x2000029c        0x4 ./FreeRTOS Source/portable/MemMang/heap_4.o
 .bss.xFreeBytesRemaining
                0x200002a0        0x4 ./FreeRTOS Source/portable/MemMang/heap_4.o
 .bss.pxEnd     0x200002a4        0x4 ./FreeRTOS Source/portable/MemMang/heap_4.o
 .bss.xStart    0x200002a8        0x8 ./FreeRTOS Source/portable/MemMang/heap_4.o
 .bss.ucHeap    0x200002b0    0x12c00 ./FreeRTOS Source/portable/MemMang/heap_4.o
 .bss.ulMaxPRIGROUPValue
                0x20012eb0        0x4 ./FreeRTOS Source/portable/GCC/ARM_CM4F/port.o
 .bss.ucMaxSysCallPriority
                0x20012eb4        0x1 ./FreeRTOS Source/portable/GCC/ARM_CM4F/port.o
 *fill*         0x20012eb5        0x3 
 .bss.xQueueRegistry
                0x20012eb8       0x40 ./FreeRTOS Source/queue.o
                0x20012eb8                xQueueRegistry
 .bss.uxSchedulerSuspended
                0x20012ef8        0x4 ./FreeRTOS Source/tasks.o
 .bss.xIdleTaskHandle
                0x20012efc        0x4 ./FreeRTOS Source/tasks.o
 .bss.xNextTaskUnblockTime
                0x20012f00        0x4 ./FreeRTOS Source/tasks.o
 .bss.uxTaskNumber
                0x20012f04        0x4 ./FreeRTOS Source/tasks.o
 .bss.xNumOfOverflows
                0x20012f08        0x4 ./FreeRTOS Source/tasks.o
 .bss.xYieldPending
                0x20012f0c        0x4 ./FreeRTOS Source/tasks.o
 .bss.uxPendedTicks
                0x20012f10        0x4 ./FreeRTOS Source/tasks.o
 .bss.xSchedulerRunning
                0x20012f14        0x4 ./FreeRTOS Source/tasks.o
 .bss.uxTopReadyPriority
                0x20012f18        0x4 ./FreeRTOS Source/tasks.o
 .bss.xTickCount
                0x20012f1c        0x4 ./FreeRTOS Source/tasks.o
 .bss.uxCurrentNumberOfTasks
                0x20012f20        0x4 ./FreeRTOS Source/tasks.o
 .bss.xSuspendedTaskList
                0x20012f24       0x14 ./FreeRTOS Source/tasks.o
 .bss.uxDeletedTasksWaitingCleanUp
                0x20012f38        0x4 ./FreeRTOS Source/tasks.o
 .bss.xTasksWaitingTermination
                0x20012f3c       0x14 ./FreeRTOS Source/tasks.o
 .bss.xPendingReadyList
                0x20012f50       0x14 ./FreeRTOS Source/tasks.o
 .bss.pxOverflowDelayedTaskList
                0x20012f64        0x4 ./FreeRTOS Source/tasks.o
 .bss.pxDelayedTaskList
                0x20012f68        0x4 ./FreeRTOS Source/tasks.o
 .bss.xDelayedTaskList2
                0x20012f6c       0x14 ./FreeRTOS Source/tasks.o
 .bss.xDelayedTaskList1
                0x20012f80       0x14 ./FreeRTOS Source/tasks.o
 .bss.pxReadyTasksLists
                0x20012f94       0x64 ./FreeRTOS Source/tasks.o
 .bss.pxCurrentTCB
                0x20012ff8        0x4 ./FreeRTOS Source/tasks.o
                0x20012ff8                pxCurrentTCB
 .bss.xLastTime.0
                0x20012ffc        0x4 ./FreeRTOS Source/timers.o
 .bss.xTimerTaskHandle
                0x20013000        0x4 ./FreeRTOS Source/timers.o
 .bss.xTimerQueue
                0x20013004        0x4 ./FreeRTOS Source/timers.o
 .bss.pxOverflowTimerList
                0x20013008        0x4 ./FreeRTOS Source/timers.o
 .bss.pxCurrentTimerList
                0x2001300c        0x4 ./FreeRTOS Source/timers.o
 .bss.xActiveTimerList2
                0x20013010       0x14 ./FreeRTOS Source/timers.o
 .bss.xActiveTimerList1
                0x20013024       0x14 ./FreeRTOS Source/timers.o
 .bss.__sf      0x20013038      0x138 C:/Users/User/AppData/Roaming/xPacks/@xpack-dev-tools/arm-none-eabi-gcc/13.2.1-1.1.1/.content/bin/../lib/gcc/arm-none-eabi/13.2.1/../../../../arm-none-eabi/lib/thumb/v7e-m+fp/softfp\libg_nano.a(libc_a-findfp.o)
                0x20013038                __sf
 .bss.__stdio_exit_handler
                0x20013170        0x4 C:/Users/User/AppData/Roaming/xPacks/@xpack-dev-tools/arm-none-eabi-gcc/13.2.1-1.1.1/.content/bin/../lib/gcc/arm-none-eabi/13.2.1/../../../../arm-none-eabi/lib/thumb/v7e-m+fp/softfp\libg_nano.a(libc_a-findfp.o)
                0x20013170                __stdio_exit_handler
 .bss.__lock___malloc_recursive_mutex
                0x20013174        0x1 C:/Users/User/AppData/Roaming/xPacks/@xpack-dev-tools/arm-none-eabi-gcc/13.2.1-1.1.1/.content/bin/../lib/gcc/arm-none-eabi/13.2.1/../../../../arm-none-eabi/lib/thumb/v7e-m+fp/softfp\libg_nano.a(libc_a-lock.o)
                0x20013174                __lock___malloc_recursive_mutex
 .bss.__lock___sfp_recursive_mutex
                0x20013175        0x1 C:/Users/User/AppData/Roaming/xPacks/@xpack-dev-tools/arm-none-eabi-gcc/13.2.1-1.1.1/.content/bin/../lib/gcc/arm-none-eabi/13.2.1/../../../../arm-none-eabi/lib/thumb/v7e-m+fp/softfp\libg_nano.a(libc_a-lock.o)
                0x20013175                __lock___sfp_recursive_mutex
 *fill*         0x20013176        0x2 
 .bss.__malloc_sbrk_start
                0x20013178        0x4 C:/Users/User/AppData/Roaming/xPacks/@xpack-dev-tools/arm-none-eabi-gcc/13.2.1-1.1.1/.content/bin/../lib/gcc/arm-none-eabi/13.2.1/../../../../arm-none-eabi/lib/thumb/v7e-m+fp/softfp\libg_nano.a(libc_a-mallocr.o)
                0x20013178                __malloc_sbrk_start
 .bss.__malloc_free_list
                0x2001317c        0x4 C:/Users/User/AppData/Roaming/xPacks/@xpack-dev-tools/arm-none-eabi-gcc/13.2.1-1.1.1/.content/bin/../lib/gcc/arm-none-eabi/13.2.1/../../../../arm-none-eabi/lib/thumb/v7e-m+fp/softfp\libg_nano.a(libc_a-mallocr.o)
                0x2001317c                __malloc_free_list
 *(COMMON)
 *(.bss_end .bss_end.*)
 .bss_end       0x20013180        0x4 ./system/src/newlib/startup.o
                0x20013184                        . = ALIGN (0x4)
                0x20013184                        __bss_end__ = .
                0x20013184                        _ebss = .

.noinit_CCMRAM
 *(.noinit.CCMRAM .noinit.CCMRAM.*)

.noinit         0x20013184        0x0
                0x20013184                        _noinit = .
 *(.noinit .noinit.*)
                0x20013184                        . = ALIGN (0x4)
                0x20013184                        _end_noinit = .
                [!provide]                        PROVIDE (end = _end_noinit)
                [!provide]                        PROVIDE (_end = _end_noinit)
                [!provide]                        PROVIDE (__end = _end_noinit)
                [!provide]                        PROVIDE (__end__ = _end_noinit)

._check_stack   0x20013184      0x100
                0x20013284                        . = (. + _Minimum_Stack_Size)
 *fill*         0x20013184      0x100 

.b1text
 *(.b1text)
 *(.b1rodata)
 *(.b1rodata.*)

.eb0text
 *(.eb0text)
 *(.eb0rodata)
 *(.eb0rodata.*)

.eb1text
 *(.eb1text)
 *(.eb1rodata)
 *(.eb1rodata.*)

.eb2text
 *(.eb2text)
 *(.eb2rodata)
 *(.eb2rodata.*)

.eb3text
 *(.eb3text)
 *(.eb3rodata)
 *(.eb3rodata.*)

.stab
 *(.stab)

.stabstr
 *(.stabstr)

.stab.excl
 *(.stab.excl)

.stab.exclstr
 *(.stab.exclstr)

.stab.index
 *(.stab.index)

.stab.indexstr
 *(.stab.indexstr)

.comment        0x00000000       0x39
 *(.comment)
 .comment       0x00000000       0x39 ./system/src/stm32f4-hal/stm32f4xx_hal.o
                                 0x3a (size before relaxing)
 .comment       0x00000039       0x3a ./system/src/stm32f4-hal/stm32f4xx_hal_cortex.o
 .comment       0x00000039       0x3a ./system/src/stm32f4-hal/stm32f4xx_hal_rcc.o
 .comment       0x00000039       0x3a ./system/src/newlib/assert.o
 .comment       0x00000039       0x3a ./system/src/newlib/exit.o
 .comment       0x00000039       0x3a ./system/src/newlib/sbrk.o
 .comment       0x00000039       0x3a ./system/src/newlib/startup.o
 .comment       0x00000039       0x3a ./system/src/newlib/syscalls.o
 .comment       0x00000039       0x3a ./system/src/diag/trace-impl.o
 .comment       0x00000039       0x3a ./system/src/diag/trace.o
 .comment       0x00000039       0x3a ./system/src/cortexm/exception-handlers.o
 .comment       0x00000039       0x3a ./system/src/cortexm/initialize-hardware.o
 .comment       0x00000039       0x3a ./system/src/cmsis/system_stm32f4xx.o
 .comment       0x00000039       0x3a ./system/src/cmsis/vectors_stm32f407xx.o
 .comment       0x00000039       0x3a ./src/initialize-hardware.o
 .comment       0x00000039       0x3a ./src/main.o
 .comment       0x00000039       0x3a ./src/stm32f4xx_hal_msp.o
 .comment       0x00000039       0x3a ./FreeRTOS Source/portable/MemMang/heap_4.o
 .comment       0x00000039       0x3a ./FreeRTOS Source/portable/GCC/ARM_CM4F/port.o
 .comment       0x00000039       0x3a ./FreeRTOS Source/list.o
 .comment       0x00000039       0x3a ./FreeRTOS Source/queue.o
 .comment       0x00000039       0x3a ./FreeRTOS Source/tasks.o
 .comment       0x00000039       0x3a ./FreeRTOS Source/timers.o
 .comment       0x00000039       0x3a C:/Users/User/AppData/Roaming/xPacks/@xpack-dev-tools/arm-none-eabi-gcc/13.2.1-1.1.1/.content/bin/../lib/gcc/arm-none-eabi/13.2.1/thumb/v7e-m+fp/softfp\libgcc.a(_udivmoddi4.o)
 .comment       0x00000039       0x3a C:/Users/User/AppData/Roaming/xPacks/@xpack-dev-tools/arm-none-eabi-gcc/13.2.1-1.1.1/.content/bin/../lib/gcc/arm-none-eabi/13.2.1/../../../../arm-none-eabi/lib/thumb/v7e-m+fp/softfp\libg_nano.a(libc_a-exit.o)
 .comment       0x00000039       0x3a C:/Users/User/AppData/Roaming/xPacks/@xpack-dev-tools/arm-none-eabi-gcc/13.2.1-1.1.1/.content/bin/../lib/gcc/arm-none-eabi/13.2.1/../../../../arm-none-eabi/lib/thumb/v7e-m+fp/softfp\libg_nano.a(libc_a-rand.o)
 .comment       0x00000039       0x3a C:/Users/User/AppData/Roaming/xPacks/@xpack-dev-tools/arm-none-eabi-gcc/13.2.1-1.1.1/.content/bin/../lib/gcc/arm-none-eabi/13.2.1/../../../../arm-none-eabi/lib/thumb/v7e-m+fp/softfp\libg_nano.a(libc_a-ctype_.o)
 .comment       0x00000039       0x3a C:/Users/User/AppData/Roaming/xPacks/@xpack-dev-tools/arm-none-eabi-gcc/13.2.1-1.1.1/.content/bin/../lib/gcc/arm-none-eabi/13.2.1/../../../../arm-none-eabi/lib/thumb/v7e-m+fp/softfp\libg_nano.a(libc_a-fclose.o)
 .comment       0x00000039       0x3a C:/Users/User/AppData/Roaming/xPacks/@xpack-dev-tools/arm-none-eabi-gcc/13.2.1-1.1.1/.content/bin/../lib/gcc/arm-none-eabi/13.2.1/../../../../arm-none-eabi/lib/thumb/v7e-m+fp/softfp\libg_nano.a(libc_a-fflush.o)
 .comment       0x00000039       0x3a C:/Users/User/AppData/Roaming/xPacks/@xpack-dev-tools/arm-none-eabi-gcc/13.2.1-1.1.1/.content/bin/../lib/gcc/arm-none-eabi/13.2.1/../../../../arm-none-eabi/lib/thumb/v7e-m+fp/softfp\libg_nano.a(libc_a-findfp.o)
 .comment       0x00000039       0x3a C:/Users/User/AppData/Roaming/xPacks/@xpack-dev-tools/arm-none-eabi-gcc/13.2.1-1.1.1/.content/bin/../lib/gcc/arm-none-eabi/13.2.1/../../../../arm-none-eabi/lib/thumb/v7e-m+fp/softfp\libg_nano.a(libc_a-fopen.o)
 .comment       0x00000039       0x3a C:/Users/User/AppData/Roaming/xPacks/@xpack-dev-tools/arm-none-eabi-gcc/13.2.1-1.1.1/.content/bin/../lib/gcc/arm-none-eabi/13.2.1/../../../../arm-none-eabi/lib/thumb/v7e-m+fp/softfp\libg_nano.a(libc_a-fprintf.o)
 .comment       0x00000039       0x3a C:/Users/User/AppData/Roaming/xPacks/@xpack-dev-tools/arm-none-eabi-gcc/13.2.1-1.1.1/.content/bin/../lib/gcc/arm-none-eabi/13.2.1/../../../../arm-none-eabi/lib/thumb/v7e-m+fp/softfp\libg_nano.a(libc_a-fseek.o)
 .comment       0x00000039       0x3a C:/Users/User/AppData/Roaming/xPacks/@xpack-dev-tools/arm-none-eabi-gcc/13.2.1-1.1.1/.content/bin/../lib/gcc/arm-none-eabi/13.2.1/../../../../arm-none-eabi/lib/thumb/v7e-m+fp/softfp\libg_nano.a(libc_a-fwalk.o)
 .comment       0x00000039       0x3a C:/Users/User/AppData/Roaming/xPacks/@xpack-dev-tools/arm-none-eabi-gcc/13.2.1-1.1.1/.content/bin/../lib/gcc/arm-none-eabi/13.2.1/../../../../arm-none-eabi/lib/thumb/v7e-m+fp/softfp\libg_nano.a(libc_a-fwrite.o)
 .comment       0x00000039       0x3a C:/Users/User/AppData/Roaming/xPacks/@xpack-dev-tools/arm-none-eabi-gcc/13.2.1-1.1.1/.content/bin/../lib/gcc/arm-none-eabi/13.2.1/../../../../arm-none-eabi/lib/thumb/v7e-m+fp/softfp\libg_nano.a(libc_a-puts.o)
 .comment       0x00000039       0x3a C:/Users/User/AppData/Roaming/xPacks/@xpack-dev-tools/arm-none-eabi-gcc/13.2.1-1.1.1/.content/bin/../lib/gcc/arm-none-eabi/13.2.1/../../../../arm-none-eabi/lib/thumb/v7e-m+fp/softfp\libg_nano.a(libc_a-snprintf.o)
 .comment       0x00000039       0x3a C:/Users/User/AppData/Roaming/xPacks/@xpack-dev-tools/arm-none-eabi-gcc/13.2.1-1.1.1/.content/bin/../lib/gcc/arm-none-eabi/13.2.1/../../../../arm-none-eabi/lib/thumb/v7e-m+fp/softfp\libg_nano.a(libc_a-stdio.o)
 .comment       0x00000039       0x3a C:/Users/User/AppData/Roaming/xPacks/@xpack-dev-tools/arm-none-eabi-gcc/13.2.1-1.1.1/.content/bin/../lib/gcc/arm-none-eabi/13.2.1/../../../../arm-none-eabi/lib/thumb/v7e-m+fp/softfp\libg_nano.a(libc_a-vsnprintf.o)
 .comment       0x00000039       0x3a C:/Users/User/AppData/Roaming/xPacks/@xpack-dev-tools/arm-none-eabi-gcc/13.2.1-1.1.1/.content/bin/../lib/gcc/arm-none-eabi/13.2.1/../../../../arm-none-eabi/lib/thumb/v7e-m+fp/softfp\libg_nano.a(libc_a-wbuf.o)
 .comment       0x00000039       0x3a C:/Users/User/AppData/Roaming/xPacks/@xpack-dev-tools/arm-none-eabi-gcc/13.2.1-1.1.1/.content/bin/../lib/gcc/arm-none-eabi/13.2.1/../../../../arm-none-eabi/lib/thumb/v7e-m+fp/softfp\libg_nano.a(libc_a-wsetup.o)
 .comment       0x00000039       0x3a C:/Users/User/AppData/Roaming/xPacks/@xpack-dev-tools/arm-none-eabi-gcc/13.2.1-1.1.1/.content/bin/../lib/gcc/arm-none-eabi/13.2.1/../../../../arm-none-eabi/lib/thumb/v7e-m+fp/softfp\libg_nano.a(libc_a-fseeko.o)
 .comment       0x00000039       0x3a C:/Users/User/AppData/Roaming/xPacks/@xpack-dev-tools/arm-none-eabi-gcc/13.2.1-1.1.1/.content/bin/../lib/gcc/arm-none-eabi/13.2.1/../../../../arm-none-eabi/lib/thumb/v7e-m+fp/softfp\libg_nano.a(libc_a-memset.o)
 .comment       0x00000039       0x3a C:/Users/User/AppData/Roaming/xPacks/@xpack-dev-tools/arm-none-eabi-gcc/13.2.1-1.1.1/.content/bin/../lib/gcc/arm-none-eabi/13.2.1/../../../../arm-none-eabi/lib/thumb/v7e-m+fp/softfp\libg_nano.a(libc_a-time.o)
 .comment       0x00000039       0x3a C:/Users/User/AppData/Roaming/xPacks/@xpack-dev-tools/arm-none-eabi-gcc/13.2.1-1.1.1/.content/bin/../lib/gcc/arm-none-eabi/13.2.1/../../../../arm-none-eabi/lib/thumb/v7e-m+fp/softfp\libg_nano.a(libc_a-closer.o)
 .comment       0x00000039       0x3a C:/Users/User/AppData/Roaming/xPacks/@xpack-dev-tools/arm-none-eabi-gcc/13.2.1-1.1.1/.content/bin/../lib/gcc/arm-none-eabi/13.2.1/../../../../arm-none-eabi/lib/thumb/v7e-m+fp/softfp\libg_nano.a(libc_a-impure.o)
 .comment       0x00000039       0x3a C:/Users/User/AppData/Roaming/xPacks/@xpack-dev-tools/arm-none-eabi-gcc/13.2.1-1.1.1/.content/bin/../lib/gcc/arm-none-eabi/13.2.1/../../../../arm-none-eabi/lib/thumb/v7e-m+fp/softfp\libg_nano.a(libc_a-gettimeofdayr.o)
 .comment       0x00000039       0x3a C:/Users/User/AppData/Roaming/xPacks/@xpack-dev-tools/arm-none-eabi-gcc/13.2.1-1.1.1/.content/bin/../lib/gcc/arm-none-eabi/13.2.1/../../../../arm-none-eabi/lib/thumb/v7e-m+fp/softfp\libg_nano.a(libc_a-lseekr.o)
 .comment       0x00000039       0x3a C:/Users/User/AppData/Roaming/xPacks/@xpack-dev-tools/arm-none-eabi-gcc/13.2.1-1.1.1/.content/bin/../lib/gcc/arm-none-eabi/13.2.1/../../../../arm-none-eabi/lib/thumb/v7e-m+fp/softfp\libg_nano.a(libc_a-openr.o)
 .comment       0x00000039       0x3a C:/Users/User/AppData/Roaming/xPacks/@xpack-dev-tools/arm-none-eabi-gcc/13.2.1-1.1.1/.content/bin/../lib/gcc/arm-none-eabi/13.2.1/../../../../arm-none-eabi/lib/thumb/v7e-m+fp/softfp\libg_nano.a(libc_a-readr.o)
 .comment       0x00000039       0x3a C:/Users/User/AppData/Roaming/xPacks/@xpack-dev-tools/arm-none-eabi-gcc/13.2.1-1.1.1/.content/bin/../lib/gcc/arm-none-eabi/13.2.1/../../../../arm-none-eabi/lib/thumb/v7e-m+fp/softfp\libg_nano.a(libc_a-writer.o)
 .comment       0x00000039       0x3a C:/Users/User/AppData/Roaming/xPacks/@xpack-dev-tools/arm-none-eabi-gcc/13.2.1-1.1.1/.content/bin/../lib/gcc/arm-none-eabi/13.2.1/../../../../arm-none-eabi/lib/thumb/v7e-m+fp/softfp\libg_nano.a(libc_a-errno.o)
 .comment       0x00000039       0x3a C:/Users/User/AppData/Roaming/xPacks/@xpack-dev-tools/arm-none-eabi-gcc/13.2.1-1.1.1/.content/bin/../lib/gcc/arm-none-eabi/13.2.1/../../../../arm-none-eabi/lib/thumb/v7e-m+fp/softfp\libg_nano.a(libc_a-lock.o)
 .comment       0x00000039       0x3a C:/Users/User/AppData/Roaming/xPacks/@xpack-dev-tools/arm-none-eabi-gcc/13.2.1-1.1.1/.content/bin/../lib/gcc/arm-none-eabi/13.2.1/../../../../arm-none-eabi/lib/thumb/v7e-m+fp/softfp\libg_nano.a(libc_a-memcpy-stub.o)
 .comment       0x00000039       0x3a C:/Users/User/AppData/Roaming/xPacks/@xpack-dev-tools/arm-none-eabi-gcc/13.2.1-1.1.1/.content/bin/../lib/gcc/arm-none-eabi/13.2.1/../../../../arm-none-eabi/lib/thumb/v7e-m+fp/softfp\libg_nano.a(libc_a-freer.o)
 .comment       0x00000039       0x3a C:/Users/User/AppData/Roaming/xPacks/@xpack-dev-tools/arm-none-eabi-gcc/13.2.1-1.1.1/.content/bin/../lib/gcc/arm-none-eabi/13.2.1/../../../../arm-none-eabi/lib/thumb/v7e-m+fp/softfp\libg_nano.a(libc_a-malloc.o)
 .comment       0x00000039       0x3a C:/Users/User/AppData/Roaming/xPacks/@xpack-dev-tools/arm-none-eabi-gcc/13.2.1-1.1.1/.content/bin/../lib/gcc/arm-none-eabi/13.2.1/../../../../arm-none-eabi/lib/thumb/v7e-m+fp/softfp\libg_nano.a(libc_a-mallocr.o)
 .comment       0x00000039       0x3a C:/Users/User/AppData/Roaming/xPacks/@xpack-dev-tools/arm-none-eabi-gcc/13.2.1-1.1.1/.content/bin/../lib/gcc/arm-none-eabi/13.2.1/../../../../arm-none-eabi/lib/thumb/v7e-m+fp/softfp\libg_nano.a(libc_a-mlock.o)
 .comment       0x00000039       0x3a C:/Users/User/AppData/Roaming/xPacks/@xpack-dev-tools/arm-none-eabi-gcc/13.2.1-1.1.1/.content/bin/../lib/gcc/arm-none-eabi/13.2.1/../../../../arm-none-eabi/lib/thumb/v7e-m+fp/softfp\libg_nano.a(libc_a-nano-svfprintf.o)
 .comment       0x00000039       0x3a C:/Users/User/AppData/Roaming/xPacks/@xpack-dev-tools/arm-none-eabi-gcc/13.2.1-1.1.1/.content/bin/../lib/gcc/arm-none-eabi/13.2.1/../../../../arm-none-eabi/lib/thumb/v7e-m+fp/softfp\libg_nano.a(libc_a-nano-vfprintf.o)
 .comment       0x00000039       0x3a C:/Users/User/AppData/Roaming/xPacks/@xpack-dev-tools/arm-none-eabi-gcc/13.2.1-1.1.1/.content/bin/../lib/gcc/arm-none-eabi/13.2.1/../../../../arm-none-eabi/lib/thumb/v7e-m+fp/softfp\libg_nano.a(libc_a-nano-vfprintf_i.o)
 .comment       0x00000039       0x3a C:/Users/User/AppData/Roaming/xPacks/@xpack-dev-tools/arm-none-eabi-gcc/13.2.1-1.1.1/.content/bin/../lib/gcc/arm-none-eabi/13.2.1/../../../../arm-none-eabi/lib/thumb/v7e-m+fp/softfp\libg_nano.a(libc_a-flags.o)
 .comment       0x00000039       0x3a C:/Users/User/AppData/Roaming/xPacks/@xpack-dev-tools/arm-none-eabi-gcc/13.2.1-1.1.1/.content/bin/../lib/gcc/arm-none-eabi/13.2.1/../../../../arm-none-eabi/lib/thumb/v7e-m+fp/softfp\libg_nano.a(libc_a-makebuf.o)
 .comment       0x00000039       0x3a C:/Users/User/AppData/Roaming/xPacks/@xpack-dev-tools/arm-none-eabi-gcc/13.2.1-1.1.1/.content/bin/../lib/gcc/arm-none-eabi/13.2.1/../../../../arm-none-eabi/lib/thumb/v7e-m+fp/softfp\libg_nano.a(libc_a-memmove.o)
 .comment       0x00000039       0x3a C:/Users/User/AppData/Roaming/xPacks/@xpack-dev-tools/arm-none-eabi-gcc/13.2.1-1.1.1/.content/bin/../lib/gcc/arm-none-eabi/13.2.1/../../../../arm-none-eabi/lib/thumb/v7e-m+fp/softfp\libg_nano.a(libc_a-fstatr.o)
 .comment       0x00000039       0x3a C:/Users/User/AppData/Roaming/xPacks/@xpack-dev-tools/arm-none-eabi-gcc/13.2.1-1.1.1/.content/bin/../lib/gcc/arm-none-eabi/13.2.1/../../../../arm-none-eabi/lib/thumb/v7e-m+fp/softfp\libg_nano.a(libc_a-isattyr.o)
 .comment       0x00000039       0x3a C:/Users/User/AppData/Roaming/xPacks/@xpack-dev-tools/arm-none-eabi-gcc/13.2.1-1.1.1/.content/bin/../lib/gcc/arm-none-eabi/13.2.1/../../../../arm-none-eabi/lib/thumb/v7e-m+fp/softfp\libg_nano.a(libc_a-sbrkr.o)
 .comment       0x00000039       0x3a C:/Users/User/AppData/Roaming/xPacks/@xpack-dev-tools/arm-none-eabi-gcc/13.2.1-1.1.1/.content/bin/../lib/gcc/arm-none-eabi/13.2.1/../../../../arm-none-eabi/lib/thumb/v7e-m+fp/softfp\libg_nano.a(libc_a-reallocr.o)
 .comment       0x00000039       0x3a C:/Users/User/AppData/Roaming/xPacks/@xpack-dev-tools/arm-none-eabi-gcc/13.2.1-1.1.1/.content/bin/../lib/gcc/arm-none-eabi/13.2.1/../../../../arm-none-eabi/lib/thumb/v7e-m+fp/softfp\libg_nano.a(libc_a-msizer.o)

.ARM.attributes
                0x00000000       0x30
 .ARM.attributes
                0x00000000       0x32 ./system/src/stm32f4-hal/stm32f4xx_hal.o
 .ARM.attributes
                0x00000032       0x32 ./system/src/stm32f4-hal/stm32f4xx_hal_cortex.o
 .ARM.attributes
                0x00000064       0x32 ./system/src/stm32f4-hal/stm32f4xx_hal_rcc.o
 .ARM.attributes
                0x00000096       0x32 ./system/src/newlib/assert.o
 .ARM.attributes
                0x000000c8       0x32 ./system/src/newlib/exit.o
 .ARM.attributes
                0x000000fa       0x32 ./system/src/newlib/sbrk.o
 .ARM.attributes
                0x0000012c       0x32 ./system/src/newlib/startup.o
 .ARM.attributes
                0x0000015e       0x32 ./system/src/newlib/syscalls.o
 .ARM.attributes
                0x00000190       0x32 ./system/src/diag/trace-impl.o
 .ARM.attributes
                0x000001c2       0x32 ./system/src/diag/trace.o
 .ARM.attributes
                0x000001f4       0x32 ./system/src/cortexm/exception-handlers.o
 .ARM.attributes
                0x00000226       0x32 ./system/src/cortexm/initialize-hardware.o
 .ARM.attributes
                0x00000258       0x32 ./system/src/cmsis/system_stm32f4xx.o
 .ARM.attributes
                0x0000028a       0x32 ./system/src/cmsis/vectors_stm32f407xx.o
 .ARM.attributes
                0x000002bc       0x32 ./src/initialize-hardware.o
 .ARM.attributes
                0x000002ee       0x32 ./src/main.o
 .ARM.attributes
                0x00000320       0x32 ./src/stm32f4xx_hal_msp.o
 .ARM.attributes
                0x00000352       0x32 ./FreeRTOS Source/portable/MemMang/heap_4.o
 .ARM.attributes
                0x00000384       0x32 ./FreeRTOS Source/portable/GCC/ARM_CM4F/port.o
 .ARM.attributes
                0x000003b6       0x32 ./FreeRTOS Source/list.o
 .ARM.attributes
                0x000003e8       0x32 ./FreeRTOS Source/queue.o
 .ARM.attributes
                0x0000041a       0x32 ./FreeRTOS Source/tasks.o
 .ARM.attributes
                0x0000044c       0x32 ./FreeRTOS Source/timers.o
 .ARM.attributes
                0x0000047e       0x22 C:/Users/User/AppData/Roaming/xPacks/@xpack-dev-tools/arm-none-eabi-gcc/13.2.1-1.1.1/.content/bin/../lib/gcc/arm-none-eabi/13.2.1/thumb/v7e-m+fp/softfp\libgcc.a(_arm_muldf3.o)
 .ARM.attributes
                0x000004a0       0x22 C:/Users/User/AppData/Roaming/xPacks/@xpack-dev-tools/arm-none-eabi-gcc/13.2.1-1.1.1/.content/bin/../lib/gcc/arm-none-eabi/13.2.1/thumb/v7e-m+fp/softfp\libgcc.a(_arm_addsubdf3.o)
 .ARM.attributes
                0x000004c2       0x22 C:/Users/User/AppData/Roaming/xPacks/@xpack-dev-tools/arm-none-eabi-gcc/13.2.1-1.1.1/.content/bin/../lib/gcc/arm-none-eabi/13.2.1/thumb/v7e-m+fp/softfp\libgcc.a(_arm_fixdfsi.o)
 .ARM.attributes
                0x000004e4       0x22 C:/Users/User/AppData/Roaming/xPacks/@xpack-dev-tools/arm-none-eabi-gcc/13.2.1-1.1.1/.content/bin/../lib/gcc/arm-none-eabi/13.2.1/thumb/v7e-m+fp/softfp\libgcc.a(_aeabi_uldivmod.o)
 .ARM.attributes
                0x00000506       0x32 C:/Users/User/AppData/Roaming/xPacks/@xpack-dev-tools/arm-none-eabi-gcc/13.2.1-1.1.1/.content/bin/../lib/gcc/arm-none-eabi/13.2.1/thumb/v7e-m+fp/softfp\libgcc.a(_udivmoddi4.o)
 .ARM.attributes
                0x00000538       0x22 C:/Users/User/AppData/Roaming/xPacks/@xpack-dev-tools/arm-none-eabi-gcc/13.2.1-1.1.1/.content/bin/../lib/gcc/arm-none-eabi/13.2.1/thumb/v7e-m+fp/softfp\libgcc.a(_dvmd_tls.o)
 .ARM.attributes
                0x0000055a       0x32 C:/Users/User/AppData/Roaming/xPacks/@xpack-dev-tools/arm-none-eabi-gcc/13.2.1-1.1.1/.content/bin/../lib/gcc/arm-none-eabi/13.2.1/../../../../arm-none-eabi/lib/thumb/v7e-m+fp/softfp\libg_nano.a(libc_a-exit.o)
 .ARM.attributes
                0x0000058c       0x32 C:/Users/User/AppData/Roaming/xPacks/@xpack-dev-tools/arm-none-eabi-gcc/13.2.1-1.1.1/.content/bin/../lib/gcc/arm-none-eabi/13.2.1/../../../../arm-none-eabi/lib/thumb/v7e-m+fp/softfp\libg_nano.a(libc_a-rand.o)
 .ARM.attributes
                0x000005be       0x32 C:/Users/User/AppData/Roaming/xPacks/@xpack-dev-tools/arm-none-eabi-gcc/13.2.1-1.1.1/.content/bin/../lib/gcc/arm-none-eabi/13.2.1/../../../../arm-none-eabi/lib/thumb/v7e-m+fp/softfp\libg_nano.a(libc_a-ctype_.o)
 .ARM.attributes